Component: ARM Compiler 5.06 update 5 (build 528) Tool: armlink [4d35e2]

==============================================================================

Section Cross References

    main.o(i.assert_nrf_callback) refers to app_error.o(i.app_error_handler) for app_error_handler
    main.o(i.ble_evt_dispatch) refers to device_manager_peripheral.o(i.dm_ble_evt_handler) for dm_ble_evt_handler
    main.o(i.ble_evt_dispatch) refers to ble_conn_params.o(i.ble_conn_params_on_ble_evt) for ble_conn_params_on_ble_evt
    main.o(i.ble_evt_dispatch) refers to bsp_btn_ble.o(i.bsp_btn_ble_on_ble_evt) for bsp_btn_ble_on_ble_evt
    main.o(i.ble_evt_dispatch) refers to bsp.o(i.bsp_indication_set) for bsp_indication_set
    main.o(i.ble_evt_dispatch) refers to app_error.o(i.app_error_handler_bare) for app_error_handler_bare
    main.o(i.ble_evt_dispatch) refers to ble_advertising.o(i.ble_advertising_on_ble_evt) for ble_advertising_on_ble_evt
    main.o(i.ble_evt_dispatch) refers to main.o(.data) for .data
    main.o(i.ble_stack_init) refers to softdevice_handler.o(i.softdevice_handler_init) for softdevice_handler_init
    main.o(i.ble_stack_init) refers to app_error.o(i.app_error_handler_bare) for app_error_handler_bare
    main.o(i.ble_stack_init) refers to softdevice_handler.o(i.softdevice_enable_get_default_config) for softdevice_enable_get_default_config
    main.o(i.ble_stack_init) refers to softdevice_handler.o(i.sd_check_ram_start) for sd_check_ram_start
    main.o(i.ble_stack_init) refers to softdevice_handler.o(i.softdevice_enable) for softdevice_enable
    main.o(i.ble_stack_init) refers to softdevice_handler.o(i.softdevice_ble_evt_handler_set) for softdevice_ble_evt_handler_set
    main.o(i.ble_stack_init) refers to softdevice_handler.o(i.softdevice_sys_evt_handler_set) for softdevice_sys_evt_handler_set
    main.o(i.ble_stack_init) refers to main.o(.bss) for .bss
    main.o(i.ble_stack_init) refers to main.o(i.ble_evt_dispatch) for ble_evt_dispatch
    main.o(i.ble_stack_init) refers to main.o(i.sys_evt_dispatch) for sys_evt_dispatch
    main.o(i.bsp_event_handler) refers to main.o(i.sleep_mode_enter) for sleep_mode_enter
    main.o(i.bsp_event_handler) refers to app_error.o(i.app_error_handler_bare) for app_error_handler_bare
    main.o(i.bsp_event_handler) refers to ble_advertising.o(i.ble_advertising_restart_without_whitelist) for ble_advertising_restart_without_whitelist
    main.o(i.bsp_event_handler) refers to main.o(.data) for .data
    main.o(i.conn_params_error_handler) refers to app_error.o(i.app_error_handler_bare) for app_error_handler_bare
    main.o(i.device_manager_evt_handler) refers to app_error.o(i.app_error_handler_bare) for app_error_handler_bare
    main.o(i.device_manager_init) refers to pstorage.o(i.pstorage_init) for pstorage_init
    main.o(i.device_manager_init) refers to app_error.o(i.app_error_handler_bare) for app_error_handler_bare
    main.o(i.device_manager_init) refers to device_manager_peripheral.o(i.dm_init) for dm_init
    main.o(i.device_manager_init) refers to memseta.o(.text) for __aeabi_memclr
    main.o(i.device_manager_init) refers to device_manager_peripheral.o(i.dm_register) for dm_register
    main.o(i.device_manager_init) refers to main.o(i.device_manager_evt_handler) for device_manager_evt_handler
    main.o(i.device_manager_init) refers to main.o(.data) for .data
    main.o(i.main) refers to app_timer.o(i.app_timer_init) for app_timer_init
    main.o(i.main) refers to app_error.o(i.app_error_handler_bare) for app_error_handler_bare
    main.o(i.main) refers to bsp.o(i.bsp_init) for bsp_init
    main.o(i.main) refers to bsp_btn_ble.o(i.bsp_btn_ble_init) for bsp_btn_ble_init
    main.o(i.main) refers to main.o(i.ble_stack_init) for ble_stack_init
    main.o(i.main) refers to main.o(i.device_manager_init) for device_manager_init
    main.o(i.main) refers to memseta.o(.text) for __aeabi_memclr4
    main.o(i.main) refers to ble_advertising.o(i.ble_advertising_init) for ble_advertising_init
    main.o(i.main) refers to main.o(i.nrf_gpio_pin_toggle) for nrf_gpio_pin_toggle
    main.o(i.main) refers to nrf_delay.o(i.nrf_delay_ms) for nrf_delay_ms
    main.o(i.main) refers to ble_conn_params.o(i.ble_conn_params_init) for ble_conn_params_init
    main.o(i.main) refers to ble_advertising.o(i.ble_advertising_start) for ble_advertising_start
    main.o(i.main) refers to main.o(.bss) for .bss
    main.o(i.main) refers to main.o(i.bsp_event_handler) for bsp_event_handler
    main.o(i.main) refers to main.o(.data) for .data
    main.o(i.main) refers to main.o(i.on_adv_evt) for on_adv_evt
    main.o(i.main) refers to main.o(i.on_conn_params_evt) for on_conn_params_evt
    main.o(i.main) refers to main.o(i.conn_params_error_handler) for conn_params_error_handler
    main.o(i.on_adv_evt) refers to bsp.o(i.bsp_indication_set) for bsp_indication_set
    main.o(i.on_adv_evt) refers to app_error.o(i.app_error_handler_bare) for app_error_handler_bare
[...]
    __lit__00000000                          0x0001b0d0   Data           4  entry2.o(.ARM.Collect$$$$00002712)
    .emb_text                                0x0001b0d4   Section       30  nrf_delay.o(.emb_text)
    .emb_text                                0x0001b0f4   Section       30  app_timer.o(.emb_text)
    .text                                    0x0001b114   Section       56  arm_startup_nrf51.o(.text)
    .text                                    0x0001b14c   Section        0  uidiv.o(.text)
    .text                                    0x0001b178   Section        0  idiv.o(.text)
    .text                                    0x0001b1a0   Section        0  memcpya.o(.text)
    .text                                    0x0001b1c4   Section        0  memseta.o(.text)
    .text                                    0x0001b1e8   Section        0  memcmp.o(.text)
    .text                                    0x0001b204   Section       36  init.o(.text)
    i.GPIOTE_IRQHandler                      0x0001b228   Section        0  nrf_drv_gpiote.o(i.GPIOTE_IRQHandler)
    i.NVIC_SetPriority                       0x0001b330   Section        0  app_timer.o(i.NVIC_SetPriority)
    NVIC_SetPriority                         0x0001b331   Thumb Code    60  app_timer.o(i.NVIC_SetPriority)
    i.RTC1_IRQHandler                        0x0001b374   Section        0  app_timer.o(i.RTC1_IRQHandler)
    i.SWI0_IRQHandler                        0x0001b394   Section        0  app_timer.o(i.SWI0_IRQHandler)
    i.SWI2_IRQHandler                        0x0001b39c   Section        0  softdevice_handler.o(i.SWI2_IRQHandler)
    i.SystemInit                             0x0001b3bc   Section        0  system_nrf51.o(i.SystemInit)
    i.UART0_IRQHandler                       0x0001b45c   Section        0  nrf_drv_uart.o(i.UART0_IRQHandler)
    i.__ARM_common_switch8                   0x0001b464   Section        0  bsp.o(i.__ARM_common_switch8)
    i.__scatterload_copy                     0x0001b47e   Section       14  handlers.o(i.__scatterload_copy)
    i.__scatterload_null                     0x0001b48c   Section        2  handlers.o(i.__scatterload_null)
    i.__scatterload_zeroinit                 0x0001b48e   Section       14  handlers.o(i.__scatterload_zeroinit)
    i.adv_data_encode                        0x0001b49c   Section        0  ble_advdata.o(i.adv_data_encode)
    i.advertising_buttons_configure          0x0001b6b2   Section        0  bsp_btn_ble.o(i.advertising_buttons_configure)
    advertising_buttons_configure            0x0001b6b3   Thumb Code    60  bsp_btn_ble.o(i.advertising_buttons_configure)
    i.alert_timer_handler                    0x0001b6f0   Section        0  bsp.o(i.alert_timer_handler)
    alert_timer_handler                      0x0001b6f1   Thumb Code    20  bsp.o(i.alert_timer_handler)
    i.app_button_enable                      0x0001b708   Section        0  app_button.o(i.app_button_enable)
    i.app_button_init                        0x0001b72c   Section        0  app_button.o(i.app_button_init)
    i.app_error_fault_handler                0x0001b7a0   Section        0  app_error.o(i.app_error_fault_handler)
    i.app_error_handler_bare                 0x0001b7bc   Section        0  app_error.o(i.app_error_handler_bare)
    i.app_evt_notify                         0x0001b7d4   Section        0  device_manager_peripheral.o(i.app_evt_notify)
    app_evt_notify                           0x0001b7d5   Thumb Code     6  device_manager_peripheral.o(i.app_evt_notify)
    i.app_notify                             0x0001b7e0   Section        0  pstorage.o(i.app_notify)
    app_notify                               0x0001b7e1   Thumb Code    34  pstorage.o(i.app_notify)
    i.app_notify_error_state_transit         0x0001b80c   Section        0  pstorage.o(i.app_notify_error_state_transit)
    app_notify_error_state_transit           0x0001b80d   Thumb Code    26  pstorage.o(i.app_notify_error_state_transit)
    i.app_timer_create                       0x0001b82c   Section        0  app_timer.o(i.app_timer_create)
    i.app_timer_init                         0x0001b858   Section        0  app_timer.o(i.app_timer_init)
    i.app_timer_start                        0x0001b8e8   Section        0  app_timer.o(i.app_timer_start)
    i.app_timer_stop                         0x0001b964   Section        0  app_timer.o(i.app_timer_stop)
    i.ble_advdata_set                        0x0001b9b8   Section        0  ble_advdata.o(i.ble_advdata_set)
    i.ble_advertising_init                   0x0001ba20   Section        0  ble_advertising.o(i.ble_advertising_init)
    i.ble_advertising_on_ble_evt             0x0001bb44   Section        0  ble_advertising.o(i.ble_advertising_on_ble_evt)
    i.ble_advertising_on_sys_evt             0x0001bbc0   Section        0  ble_advertising.o(i.ble_advertising_on_sys_evt)
    i.ble_advertising_peer_address_clear     0x0001bbf0   Section        0  ble_advertising.o(i.ble_advertising_peer_address_clear)
    ble_advertising_peer_address_clear       0x0001bbf1   Thumb Code    12  ble_advertising.o(i.ble_advertising_peer_address_clear)
    i.ble_advertising_restart_without_whitelist 0x0001bc00   Section        0  ble_advertising.o(i.ble_advertising_restart_without_whitelist)
    i.ble_advertising_start                  0x0001bc40   Section        0  ble_advertising.o(i.ble_advertising_start)
    i.ble_conn_params_init                   0x0001be20   Section        0  ble_conn_params.o(i.ble_conn_params_init)
    i.ble_conn_params_on_ble_evt             0x0001be74   Section        0  ble_conn_params.o(i.ble_conn_params_on_ble_evt)
    i.ble_device_addr_encode                 0x0001bf04   Section        0  ble_advdata.o(i.ble_device_addr_encode)
    ble_device_addr_encode                   0x0001bf05   Thumb Code    94  ble_advdata.o(i.ble_device_addr_encode)
    i.ble_evt_dispatch                       0x0001bf64   Section        0  main.o(i.ble_evt_dispatch)
    ble_evt_dispatch                         0x0001bf65   Thumb Code    66  main.o(i.ble_evt_dispatch)
    i.ble_stack_init                         0x0001bfac   Section        0  main.o(i.ble_stack_init)
    ble_stack_init                           0x0001bfad   Thumb Code   102  main.o(i.ble_stack_init)
    i.bond_data_load                         0x0001c024   Section        0  device_manager_peripheral.o(i.bond_data_load)
    i.bsp_btn_ble_init                       0x0001c06c   Section        0  bsp_btn_ble.o(i.bsp_btn_ble_init)
    i.bsp_btn_ble_on_ble_evt                 0x0001c0c0   Section        0  bsp_btn_ble.o(i.bsp_btn_ble_on_ble_evt)
    i.bsp_btn_ble_sleep_mode_prepare         0x0001c138   Section        0  bsp_btn_ble.o(i.bsp_btn_ble_sleep_mode_prepare)
    i.bsp_button_event_handler               0x0001c14c   Section        0  bsp.o(i.bsp_button_event_handler)
    bsp_button_event_handler                 0x0001c14d   Thumb Code   148  bsp.o(i.bsp_button_event_handler)
    i.bsp_button_is_pressed                  0x0001c1ec   Section        0  bsp.o(i.bsp_button_is_pressed)
    i.bsp_event_handler                      0x0001c218   Section        0  main.o(i.bsp_event_handler)
    i.bsp_event_to_button_action_assign      0x0001c250   Section        0  bsp.o(i.bsp_event_to_button_action_assign)
    i.bsp_indication_set                     0x0001c298   Section        0  bsp.o(i.bsp_indication_set)
    i.bsp_init                               0x0001c2b4   Section        0  bsp.o(i.bsp_init)
    i.bsp_led_indication                     0x0001c354   Section        0  bsp.o(i.bsp_led_indication)
    bsp_led_indication                       0x0001c355   Thumb Code   466  bsp.o(i.bsp_led_indication)
    i.bsp_wakeup_buttons_set                 0x0001c540   Section        0  bsp.o(i.bsp_wakeup_buttons_set)
    i.button_timer_handler                   0x0001c57c   Section        0  bsp.o(i.button_timer_handler)
    button_timer_handler                     0x0001c57d   Thumb Code    12  bsp.o(i.button_timer_handler)
    i.channel_free                           0x0001c588   Section        0  nrf_drv_gpiote.o(i.channel_free)
    channel_free                             0x0001c589   Thumb Code    22  nrf_drv_gpiote.o(i.channel_free)
    i.channel_port_alloc                     0x0001c5a4   Section        0  nrf_drv_gpiote.o(i.channel_port_alloc)
    channel_port_alloc                       0x0001c5a5   Thumb Code    66  nrf_drv_gpiote.o(i.channel_port_alloc)
    i.channel_port_get                       0x0001c5ec   Section        0  nrf_drv_gpiote.o(i.channel_port_get)
    channel_port_get                         0x0001c5ed   Thumb Code    10  nrf_drv_gpiote.o(i.channel_port_get)
    i.clear_operation_execute                0x0001c5fc   Section        0  pstorage.o(i.clear_operation_execute)
    clear_operation_execute                  0x0001c5fd   Thumb Code   252  pstorage.o(i.clear_operation_execute)
    i.clear_post_processing_run              0x0001c700   Section        0  pstorage.o(i.clear_post_processing_run)
    clear_post_processing_run                0x0001c701   Thumb Code    32  pstorage.o(i.clear_post_processing_run)
    i.cmd_process                            0x0001c724   Section        0  pstorage.o(i.cmd_process)
    cmd_process                              0x0001c725   Thumb Code    46  pstorage.o(i.cmd_process)
    i.cmd_queue_element_init                 0x0001c75c   Section        0  pstorage.o(i.cmd_queue_element_init)
    cmd_queue_element_init                   0x0001c75d   Thumb Code    26  pstorage.o(i.cmd_queue_element_init)
    i.cmd_queue_enqueue                      0x0001c77c   Section        0  pstorage.o(i.cmd_queue_enqueue)
    cmd_queue_enqueue                        0x0001c77d   Thumb Code    68  pstorage.o(i.cmd_queue_enqueue)
    i.command_end_procedure_run              0x0001c7c8   Section        0  pstorage.o(i.command_end_procedure_run)
    command_end_procedure_run                0x0001c7c9   Thumb Code    56  pstorage.o(i.command_end_procedure_run)
    i.compare_reg_update                     0x0001c804   Section        0  app_timer.o(i.compare_reg_update)
    compare_reg_update                       0x0001c805   Thumb Code   142  app_timer.o(i.compare_reg_update)
    i.conn_int_encode                        0x0001c8ac   Section        0  ble_advdata.o(i.conn_int_encode)
    conn_int_encode                          0x0001c8ad   Thumb Code   130  ble_advdata.o(i.conn_int_encode)
    i.conn_params_error_handler              0x0001c934   Section        0  main.o(i.conn_params_error_handler)
    conn_params_error_handler                0x0001c935   Thumb Code     8  main.o(i.conn_params_error_handler)
    i.conn_params_negotiation                0x0001c93c   Section        0  ble_conn_params.o(i.conn_params_negotiation)
    conn_params_negotiation                  0x0001c93d   Thumb Code    92  ble_conn_params.o(i.conn_params_negotiation)
    i.connection_instance_find               0x0001c9a4   Section        0  device_manager_peripheral.o(i.connection_instance_find)
    connection_instance_find                 0x0001c9a5   Thumb Code    38  device_manager_peripheral.o(i.connection_instance_find)
    i.connection_instance_init               0x0001c9d4   Section        0  device_manager_peripheral.o(i.connection_instance_init)
    connection_instance_init                 0x0001c9d5   Thumb Code    30  device_manager_peripheral.o(i.connection_instance_init)
    i.data_page_erase_state_run              0x0001c9f8   Section        0  pstorage.o(i.data_page_erase_state_run)
    data_page_erase_state_run                0x0001c9f9   Thumb Code    80  pstorage.o(i.data_page_erase_state_run)
    i.data_to_swap_write_state_run           0x0001ca4c   Section        0  pstorage.o(i.data_to_swap_write_state_run)
    data_to_swap_write_state_run             0x0001ca4d   Thumb Code    34  pstorage.o(i.data_to_swap_write_state_run)
    i.detection_delay_timeout_handler        0x0001ca74   Section        0  app_button.o(i.detection_delay_timeout_handler)
    detection_delay_timeout_handler          0x0001ca75   Thumb Code    90  app_button.o(i.detection_delay_timeout_handler)
    i.device_context_store                   0x0001cad4   Section        0  device_manager_peripheral.o(i.device_context_store)
    device_context_store                     0x0001cad5   Thumb Code   150  device_manager_peripheral.o(i.device_context_store)
    i.device_instance_allocate               0x0001cb88   Section        0  device_manager_peripheral.o(i.device_instance_allocate)
    device_instance_allocate                 0x0001cb89   Thumb Code    74  device_manager_peripheral.o(i.device_instance_allocate)
    i.device_instance_find                   0x0001cbdc   Section        0  device_manager_peripheral.o(i.device_instance_find)
    device_instance_find                     0x0001cbdd   Thumb Code    68  device_manager_peripheral.o(i.device_instance_find)
    i.device_instance_free                   0x0001cc24   Section        0  device_manager_peripheral.o(i.device_instance_free)
    device_instance_free                     0x0001cc25   Thumb Code    40  device_manager_peripheral.o(i.device_instance_free)
    i.device_manager_evt_handler             0x0001cc50   Section        0  main.o(i.device_manager_evt_handler)
    device_manager_evt_handler               0x0001cc51   Thumb Code    14  main.o(i.device_manager_evt_handler)
    i.device_manager_init                    0x0001cc60   Section        0  main.o(i.device_manager_init)
    device_manager_init                      0x0001cc61   Thumb Code    94  main.o(i.device_manager_init)
    i.dm_ble_evt_handler                     0x0001ccc8   Section        0  device_manager_peripheral.o(i.dm_ble_evt_handler)
    i.dm_handle_initialize                   0x0001d09c   Section        0  device_manager_peripheral.o(i.dm_handle_initialize)
    i.dm_init                                0x0001d0b8   Section        0  device_manager_peripheral.o(i.dm_init)
    i.dm_pstorage_cb_handler                 0x0001d17c   Section        0  device_manager_peripheral.o(i.dm_pstorage_cb_handler)
    dm_pstorage_cb_handler                   0x0001d17d   Thumb Code   372  device_manager_peripheral.o(i.dm_pstorage_cb_handler)
    i.dm_register                            0x0001d304   Section        0  device_manager_peripheral.o(i.dm_register)
    i.elapsed_ticks_acquire                  0x0001d378   Section        0  app_timer.o(i.elapsed_ticks_acquire)
    elapsed_ticks_acquire                    0x0001d379   Thumb Code    58  app_timer.o(i.elapsed_ticks_acquire)
    i.flash_api_err_code_process             0x0001d3b8   Section        0  pstorage.o(i.flash_api_err_code_process)
    flash_api_err_code_process               0x0001d3b9   Thumb Code    28  pstorage.o(i.flash_api_err_code_process)
    i.flash_operation_success_run            0x0001d3d8   Section        0  pstorage.o(i.flash_operation_success_run)
    flash_operation_success_run              0x0001d3d9   Thumb Code   114  pstorage.o(i.flash_operation_success_run)
    i.flash_page_erase                       0x0001d458   Section        0  pstorage.o(i.flash_page_erase)
    flash_page_erase                         0x0001d459   Thumb Code    10  pstorage.o(i.flash_page_erase)
    i.flash_write                            0x0001d462   Section        0  pstorage.o(i.flash_write)
    flash_write                              0x0001d463   Thumb Code    10  pstorage.o(i.flash_write)
    i.gattc_context_apply                    0x0001d46c   Section        0  device_manager_peripheral.o(i.gattc_context_apply)
    gattc_context_apply                      0x0001d46d   Thumb Code     4  device_manager_peripheral.o(i.gattc_context_apply)
    i.gattc_context_load                     0x0001d470   Section        0  device_manager_peripheral.o(i.gattc_context_load)
    gattc_context_load                       0x0001d471   Thumb Code     4  device_manager_peripheral.o(i.gattc_context_load)
    i.gattc_context_store                    0x0001d474   Section        0  device_manager_peripheral.o(i.gattc_context_store)
    gattc_context_store                      0x0001d475   Thumb Code     4  device_manager_peripheral.o(i.gattc_context_store)
    i.gatts_context_apply                    0x0001d478   Section        0  device_manager_peripheral.o(i.gatts_context_apply)
    gatts_context_apply                      0x0001d479   Thumb Code   160  device_manager_peripheral.o(i.gatts_context_apply)
    i.gatts_context_load                     0x0001d528   Section        0  device_manager_peripheral.o(i.gatts_context_load)
    gatts_context_load                       0x0001d529   Thumb Code    44  device_manager_peripheral.o(i.gatts_context_load)
    i.gatts_context_store                    0x0001d558   Section        0  device_manager_peripheral.o(i.gatts_context_store)
    gatts_context_store                      0x0001d559   Thumb Code   158  device_manager_peripheral.o(i.gatts_context_store)
    i.gattsc_context_apply                   0x0001d604   Section        0  device_manager_peripheral.o(i.gattsc_context_apply)
    gattsc_context_apply                     0x0001d605   Thumb Code     8  device_manager_peripheral.o(i.gattsc_context_apply)
    i.gattsc_context_load                    0x0001d60c   Section        0  device_manager_peripheral.o(i.gattsc_context_load)
    gattsc_context_load                      0x0001d60d   Thumb Code     8  device_manager_peripheral.o(i.gattsc_context_load)
    i.gattsc_context_store                   0x0001d614   Section        0  device_manager_peripheral.o(i.gattsc_context_store)
    gattsc_context_store                     0x0001d615   Thumb Code     8  device_manager_peripheral.o(i.gattsc_context_store)
    i.gpiote_event_handler                   0x0001d61c   Section        0  app_button.o(i.gpiote_event_handler)
    gpiote_event_handler                     0x0001d61d   Thumb Code    72  app_button.o(i.gpiote_event_handler)
    i.head_restore_state_run                 0x0001d66c   Section        0  pstorage.o(i.head_restore_state_run)
    head_restore_state_run                   0x0001d66d   Thumb Code   110  pstorage.o(i.head_restore_state_run)
    i.intern_softdevice_events_execute       0x0001d6e4   Section        0  softdevice_handler.o(i.intern_softdevice_events_execute)
    i.is_conn_params_ok                      0x0001d75c   Section        0  ble_conn_params.o(i.is_conn_params_ok)
    is_conn_params_ok                        0x0001d75d   Thumb Code    24  ble_conn_params.o(i.is_conn_params_ok)
    i.is_manual_peripheral_setup_needed      0x0001d778   Section        0  system_nrf51.o(i.is_manual_peripheral_setup_needed)
    is_manual_peripheral_setup_needed        0x0001d779   Thumb Code    66  system_nrf51.o(i.is_manual_peripheral_setup_needed)
    i.is_page_erase_required                 0x0001d7c0   Section        0  pstorage.o(i.is_page_erase_required)
    is_page_erase_required                   0x0001d7c1   Thumb Code    60  pstorage.o(i.is_page_erase_required)
    i.is_word_aligned                        0x0001d804   Section        0  pstorage.o(i.is_word_aligned)
    is_word_aligned                          0x0001d805   Thumb Code    12  pstorage.o(i.is_word_aligned)
    i.le_role_encode                         0x0001d810   Section        0  ble_advdata.o(i.le_role_encode)
    le_role_encode                           0x0001d811   Thumb Code    84  ble_advdata.o(i.le_role_encode)
    i.leds_timer_handler                     0x0001d864   Section        0  bsp.o(i.leds_timer_handler)
    leds_timer_handler                       0x0001d865   Thumb Code    18  bsp.o(i.leds_timer_handler)
    i.list_deletions_handler                 0x0001d87c   Section        0  app_timer.o(i.list_deletions_handler)
    list_deletions_handler                   0x0001d87d   Thumb Code   180  app_timer.o(i.list_deletions_handler)
    i.list_insertions_handler                0x0001d938   Section        0  app_timer.o(i.list_insertions_handler)
    list_insertions_handler                  0x0001d939   Thumb Code   202  app_timer.o(i.list_insertions_handler)
    i.main                                   0x0001da0c   Section        0  main.o(i.main)
    i.main_state_err_busy_process            0x0001db7c   Section        0  pstorage.o(i.main_state_err_busy_process)
    main_state_err_busy_process              0x0001db7d   Thumb Code    20  pstorage.o(i.main_state_err_busy_process)
    i.manuf_specific_data_encode             0x0001db94   Section        0  ble_advdata.o(i.manuf_specific_data_encode)
    manuf_specific_data_encode               0x0001db95   Thumb Code   104  ble_advdata.o(i.manuf_specific_data_encode)
    i.name_encode                            0x0001dbfc   Section        0  ble_advdata.o(i.name_encode)
    name_encode                              0x0001dbfd   Thumb Code   158  ble_advdata.o(i.name_encode)
    i.no_service_context_apply               0x0001dc9a   Section        0  device_manager_peripheral.o(i.no_service_context_apply)
    no_service_context_apply                 0x0001dc9b   Thumb Code     4  device_manager_peripheral.o(i.no_service_context_apply)
    i.no_service_context_load                0x0001dc9e   Section        0  device_manager_peripheral.o(i.no_service_context_load)
    no_service_context_load                  0x0001dc9f   Thumb Code     4  device_manager_peripheral.o(i.no_service_context_load)
    i.no_service_context_store               0x0001dca2   Section        0  device_manager_peripheral.o(i.no_service_context_store)
    no_service_context_store                 0x0001dca3   Thumb Code     4  device_manager_peripheral.o(i.no_service_context_store)
    i.nrf_delay_ms                           0x0001dca8   Section        0  nrf_delay.o(i.nrf_delay_ms)
    i.nrf_drv_common_irq_enable              0x0001dcc4   Section        0  nrf_drv_common.o(i.nrf_drv_common_irq_enable)
    i.nrf_drv_gpiote_in_event_enable         0x0001dd24   Section        0  nrf_drv_gpiote.o(i.nrf_drv_gpiote_in_event_enable)
    i.nrf_drv_gpiote_in_init                 0x0001ddc4   Section        0  nrf_drv_gpiote.o(i.nrf_drv_gpiote_in_init)
    i.nrf_drv_gpiote_in_is_set               0x0001de68   Section        0  nrf_drv_gpiote.o(i.nrf_drv_gpiote_in_is_set)
    i.nrf_drv_gpiote_init                    0x0001de7c   Section        0  nrf_drv_gpiote.o(i.nrf_drv_gpiote_init)
    i.nrf_drv_gpiote_is_init                 0x0001ded0   Section        0  nrf_drv_gpiote.o(i.nrf_drv_gpiote_is_init)
    i.nrf_gpio_cfg                           0x0001dee0   Section        0  nrf_drv_gpiote.o(i.nrf_gpio_cfg)
    nrf_gpio_cfg                             0x0001dee1   Thumb Code    32  nrf_drv_gpiote.o(i.nrf_gpio_cfg)
    i.nrf_gpio_cfg_sense_set                 0x0001df04   Section        0  nrf_drv_gpiote.o(i.nrf_gpio_cfg_sense_set)
    nrf_gpio_cfg_sense_set                   0x0001df05   Thumb Code    26  nrf_drv_gpiote.o(i.nrf_gpio_cfg_sense_set)
    i.nrf_gpio_pin_toggle                    0x0001df24   Section        0  main.o(i.nrf_gpio_pin_toggle)
    nrf_gpio_pin_toggle                      0x0001df25   Thumb Code    20  main.o(i.nrf_gpio_pin_toggle)
    i.nrf_gpiote_event_is_set                0x0001df3c   Section        0  nrf_drv_gpiote.o(i.nrf_gpiote_event_is_set)
    nrf_gpiote_event_is_set                  0x0001df3d   Thumb Code    14  nrf_drv_gpiote.o(i.nrf_gpiote_event_is_set)
    i.nrf_uart_event_check                   0x0001df50   Section        0  nrf_drv_uart.o(i.nrf_uart_event_check)
    nrf_uart_event_check                     0x0001df51   Thumb Code    10  nrf_drv_uart.o(i.nrf_uart_event_check)
    i.nrf_uart_int_enable_check              0x0001df5a   Section        0  nrf_drv_uart.o(i.nrf_uart_int_enable_check)
    nrf_uart_int_enable_check                0x0001df5b   Thumb Code    16  nrf_drv_uart.o(i.nrf_uart_int_enable_check)
    i.on_adv_evt                             0x0001df6a   Section        0  main.o(i.on_adv_evt)
    on_adv_evt                               0x0001df6b   Thumb Code    32  main.o(i.on_adv_evt)
    i.on_conn_params_evt                     0x0001df8c   Section        0  main.o(i.on_conn_params_evt)
    on_conn_params_evt                       0x0001df8d   Thumb Code    26  main.o(i.on_conn_params_evt)
    i.peer_address_exists                    0x0001dfac   Section        0  ble_advertising.o(i.peer_address_exists)
    peer_address_exists                      0x0001dfad   Thumb Code    22  ble_advertising.o(i.peer_address_exists)
    i.peer_instance_init                     0x0001dfc4   Section        0  device_manager_peripheral.o(i.peer_instance_init)
    peer_instance_init                       0x0001dfc5   Thumb Code    60  device_manager_peripheral.o(i.peer_instance_init)
    i.pin_in_use_by_port                     0x0001e004   Section        0  nrf_drv_gpiote.o(i.pin_in_use_by_port)
    pin_in_use_by_port                       0x0001e005   Thumb Code    20  nrf_drv_gpiote.o(i.pin_in_use_by_port)
    i.pin_in_use_by_te                       0x0001e01c   Section        0  nrf_drv_gpiote.o(i.pin_in_use_by_te)
    pin_in_use_by_te                         0x0001e01d   Thumb Code    20  nrf_drv_gpiote.o(i.pin_in_use_by_te)
    i.pstorage_access_status_get             0x0001e034   Section        0  pstorage.o(i.pstorage_access_status_get)
    i.pstorage_block_identifier_get          0x0001e05c   Section        0  pstorage.o(i.pstorage_block_identifier_get)
    i.pstorage_clear                         0x0001e0b4   Section        0  pstorage.o(i.pstorage_clear)
    i.pstorage_flash_page_end                0x0001e15c   Section        0  pstorage.o(i.pstorage_flash_page_end)
    pstorage_flash_page_end                  0x0001e15d   Thumb Code    32  pstorage.o(i.pstorage_flash_page_end)
    i.pstorage_flash_page_size               0x0001e180   Section        0  pstorage.o(i.pstorage_flash_page_size)
    pstorage_flash_page_size                 0x0001e181   Thumb Code    10  pstorage.o(i.pstorage_flash_page_size)
    i.pstorage_init                          0x0001e18c   Section        0  pstorage.o(i.pstorage_init)
    i.pstorage_load                          0x0001e1e8   Section        0  pstorage.o(i.pstorage_load)
    i.pstorage_register                      0x0001e294   Section        0  pstorage.o(i.pstorage_register)
    i.pstorage_store                         0x0001e350   Section        0  pstorage.o(i.pstorage_store)
    i.pstorage_sys_event_handler             0x0001e3e4   Section        0  pstorage.o(i.pstorage_sys_event_handler)
    i.pstorage_update                        0x0001e430   Section        0  pstorage.o(i.pstorage_update)
    i.rtc1_stop                              0x0001e4c4   Section        0  app_timer.o(i.rtc1_stop)
    rtc1_stop                                0x0001e4c5   Thumb Code    50  app_timer.o(i.rtc1_stop)
    i.rx_byte                                0x0001e508   Section        0  nrf_drv_uart.o(i.rx_byte)
    rx_byte                                  0x0001e509   Thumb Code    42  nrf_drv_uart.o(i.rx_byte)
    i.rx_done_event                          0x0001e540   Section        0  nrf_drv_uart.o(i.rx_done_event)
    rx_done_event                            0x0001e541   Thumb Code    22  nrf_drv_uart.o(i.rx_done_event)
    i.sd_check_ram_start                     0x0001e55c   Section        0  softdevice_handler.o(i.sd_check_ram_start)
    i.service_data_encode                    0x0001e56c   Section        0  ble_advdata.o(i.service_data_encode)
    service_data_encode                      0x0001e56d   Thumb Code   142  ble_advdata.o(i.service_data_encode)
    i.sleep_mode_enter                       0x0001e5fa   Section        0  main.o(i.sleep_mode_enter)
    sleep_mode_enter                         0x0001e5fb   Thumb Code    40  main.o(i.sleep_mode_enter)
    i.sm_state_change                        0x0001e624   Section        0  pstorage.o(i.sm_state_change)
    sm_state_change                          0x0001e625   Thumb Code    62  pstorage.o(i.sm_state_change)
    i.softdevice_ble_evt_handler_set         0x0001e66c   Section        0  softdevice_handler.o(i.softdevice_ble_evt_handler_set)
    i.softdevice_enable                      0x0001e680   Section        0  softdevice_handler.o(i.softdevice_enable)
    i.softdevice_enable_get_default_config   0x0001e694   Section        0  softdevice_handler.o(i.softdevice_enable_get_default_config)
    i.softdevice_fault_handler               0x0001e6bc   Section        0  softdevice_handler.o(i.softdevice_fault_handler)
    i.softdevice_handler_init                0x0001e6c4   Section        0  softdevice_handler.o(i.softdevice_handler_init)
    i.softdevice_sys_evt_handler_set         0x0001e6f4   Section        0  softdevice_handler.o(i.softdevice_sys_evt_handler_set)
    i.state_data_erase_swap_entry_run        0x0001e708   Section        0  pstorage.o(i.state_data_erase_swap_entry_run)
    state_data_erase_swap_entry_run          0x0001e709   Thumb Code    92  pstorage.o(i.state_data_erase_swap_entry_run)
    i.state_erase_data_page_entry_run        0x0001e76c   Section        0  pstorage.o(i.state_erase_data_page_entry_run)
    state_erase_data_page_entry_run          0x0001e76d   Thumb Code    12  pstorage.o(i.state_erase_data_page_entry_run)
    i.state_restore_head_entry_run           0x0001e77c   Section        0  pstorage.o(i.state_restore_head_entry_run)
    state_restore_head_entry_run             0x0001e77d   Thumb Code    36  pstorage.o(i.state_restore_head_entry_run)
    i.state_restore_tail_entry_run           0x0001e7a4   Section        0  pstorage.o(i.state_restore_tail_entry_run)
    state_restore_tail_entry_run             0x0001e7a5   Thumb Code    66  pstorage.o(i.state_restore_tail_entry_run)
    i.state_swap_erase_entry_run             0x0001e7f0   Section        0  pstorage.o(i.state_swap_erase_entry_run)
    state_swap_erase_entry_run               0x0001e7f1   Thumb Code    32  pstorage.o(i.state_swap_erase_entry_run)
    i.state_write_data_swap_entry_run        0x0001e810   Section        0  pstorage.o(i.state_write_data_swap_entry_run)
    state_write_data_swap_entry_run          0x0001e811   Thumb Code    42  pstorage.o(i.state_write_data_swap_entry_run)
    i.storage_operation_dummy_handler        0x0001e840   Section        0  device_manager_peripheral.o(i.storage_operation_dummy_handler)
    storage_operation_dummy_handler          0x0001e841   Thumb Code     4  device_manager_peripheral.o(i.storage_operation_dummy_handler)
    i.store_cmd_flash_write_execute          0x0001e844   Section        0  pstorage.o(i.store_cmd_flash_write_execute)
    store_cmd_flash_write_execute            0x0001e845   Thumb Code    82  pstorage.o(i.store_cmd_flash_write_execute)
    i.swap_erase_state_run                   0x0001e8a0   Section        0  pstorage.o(i.swap_erase_state_run)
    swap_erase_state_run                     0x0001e8a1   Thumb Code    24  pstorage.o(i.swap_erase_state_run)
    i.swap_sub_state_err_busy_process        0x0001e8bc   Section        0  pstorage.o(i.swap_sub_state_err_busy_process)
    swap_sub_state_err_busy_process          0x0001e8bd   Thumb Code    20  pstorage.o(i.swap_sub_state_err_busy_process)
    i.swap_sub_state_state_change            0x0001e8d4   Section        0  pstorage.o(i.swap_sub_state_state_change)
    swap_sub_state_state_change              0x0001e8d5   Thumb Code    12  pstorage.o(i.swap_sub_state_state_change)
    i.sys_evt_dispatch                       0x0001e8e8   Section        0  main.o(i.sys_evt_dispatch)
    sys_evt_dispatch                         0x0001e8e9   Thumb Code    16  main.o(i.sys_evt_dispatch)
    i.tail_restore_state_run                 0x0001e8f8   Section        0  pstorage.o(i.tail_restore_state_run)
    tail_restore_state_run                   0x0001e8f9   Thumb Code    22  pstorage.o(i.tail_restore_state_run)
    i.timer_list_handler                     0x0001e914   Section        0  app_timer.o(i.timer_list_handler)
    timer_list_handler                       0x0001e915   Thumb Code   128  app_timer.o(i.timer_list_handler)
    i.timer_list_handler_sched               0x0001e998   Section        0  app_timer.o(i.timer_list_handler_sched)
    timer_list_handler_sched                 0x0001e999   Thumb Code    10  app_timer.o(i.timer_list_handler_sched)
    i.timer_list_insert                      0x0001e9a8   Section        0  app_timer.o(i.timer_list_insert)
    timer_list_insert                        0x0001e9a9   Thumb Code    60  app_timer.o(i.timer_list_insert)
    i.timer_timeouts_check                   0x0001e9e8   Section        0  app_timer.o(i.timer_timeouts_check)
    timer_timeouts_check                     0x0001e9e9   Thumb Code   118  app_timer.o(i.timer_timeouts_check)
    i.tx_byte                                0x0001ea68   Section        0  nrf_drv_uart.o(i.tx_byte)
    tx_byte                                  0x0001ea69   Thumb Code    30  nrf_drv_uart.o(i.tx_byte)
    i.tx_done_event                          0x0001ea94   Section        0  nrf_drv_uart.o(i.tx_done_event)
    tx_done_event                            0x0001ea95   Thumb Code    26  nrf_drv_uart.o(i.tx_done_event)
    i.uart_irq_handler                       0x0001eab4   Section        0  nrf_drv_uart.o(i.uart_irq_handler)
    uart_irq_handler                         0x0001eab5   Thumb Code   278  nrf_drv_uart.o(i.uart_irq_handler)
    i.uint16_encode                          0x0001ebdc   Section        0  ble_advdata.o(i.uint16_encode)
    uint16_encode                            0x0001ebdd   Thumb Code    10  ble_advdata.o(i.uint16_encode)
    i.update_status_bit_reset                0x0001ebe8   Section        0  device_manager_peripheral.o(i.update_status_bit_reset)
    update_status_bit_reset                  0x0001ebe9   Thumb Code    14  device_manager_peripheral.o(i.update_status_bit_reset)
    i.update_timeout_handler                 0x0001ebfc   Section        0  ble_conn_params.o(i.update_timeout_handler)
    update_timeout_handler                   0x0001ebfd   Thumb Code    86  ble_conn_params.o(i.update_timeout_handler)
    i.user_id_get                            0x0001ec60   Section        0  app_timer.o(i.user_id_get)
    user_id_get                              0x0001ec61   Thumb Code    74  app_timer.o(i.user_id_get)
    i.user_op_alloc                          0x0001ecb4   Section        0  app_timer.o(i.user_op_alloc)
    user_op_alloc                            0x0001ecb5   Thumb Code    38  app_timer.o(i.user_op_alloc)
    i.uuid_list_encode                       0x0001ecda   Section        0  ble_advdata.o(i.uuid_list_encode)
    uuid_list_encode                         0x0001ecdb   Thumb Code    48  ble_advdata.o(i.uuid_list_encode)
    i.uuid_list_sized_encode                 0x0001ed0a   Section        0  ble_advdata.o(i.uuid_list_sized_encode)
    uuid_list_sized_encode                   0x0001ed0b   Thumb Code   174  ble_advdata.o(i.uuid_list_sized_encode)
    i.whitelist_has_entries                  0x0001edb8   Section        0  ble_advertising.o(i.whitelist_has_entries)
    whitelist_has_entries                    0x0001edb9   Thumb Code    16  ble_advertising.o(i.whitelist_has_entries)
    .constdata                               0x0001edc8   Section       60  bsp.o(.constdata)
    m_leds_timer_id                          0x0001edc8   Data           4  bsp.o(.constdata)
    m_alert_timer_id                         0x0001edcc   Data           4  bsp.o(.constdata)
    m_button_timer_id                        0x0001edd0   Data           4  bsp.o(.constdata)
    m_buttons_list                           0x0001edd4   Data          16  bsp.o(.constdata)
    app_buttons                              0x0001ede4   Data          32  bsp.o(.constdata)
    .constdata                               0x0001ee04   Section        4  ble_conn_params.o(.constdata)
    m_conn_params_timer_id                   0x0001ee04   Data           4  ble_conn_params.o(.constdata)
    .constdata                               0x0001ee08   Section       52  device_manager_peripheral.o(.constdata)
    .constdata                               0x0001ee3c   Section       40  pstorage.o(.constdata)
    swap_sub_state_sm_lut                    0x0001ee3c   Data          20  pstorage.o(.constdata)
    swap_sub_state_sm_lut                    0x0001ee50   Data          20  pstorage.o(.constdata)
    .constdata                               0x0001ee64   Section        8  app_button.o(.constdata)
    m_detection_delay_timer_id               0x0001ee64   Data           4  app_button.o(.constdata)
    .data                                    0x20001f00   Section        8  main.o(.data)
    m_app_handle                             0x20001f00   Data           1  main.o(.data)
    m_conn_handle                            0x20001f02   Data           2  main.o(.data)
    m_adv_uuids                              0x20001f04   Data           4  main.o(.data)
    .data                                    0x20001f08   Section       24  bsp.o(.data)
    m_stable_state                           0x20001f08   Data           1  bsp.o(.data)
    current_long_push_pin_no                 0x20001f09   Data           1  bsp.o(.data)
    m_app_ticks_per_100ms                    0x20001f0c   Data           4  bsp.o(.data)
    m_indication_type                        0x20001f10   Data           4  bsp.o(.data)
    m_alert_mask                             0x20001f14   Data           4  bsp.o(.data)
    m_registered_callback                    0x20001f18   Data           4  bsp.o(.data)
    release_event_at_push                    0x20001f1c   Data           4  bsp.o(.data)
    .data                                    0x20001f20   Section        8  bsp_btn_ble.o(.data)
    m_error_handler                          0x20001f20   Data           4  bsp_btn_ble.o(.data)
    m_num_connections                        0x20001f24   Data           4  bsp_btn_ble.o(.data)
    .data                                    0x20001f28   Section        4  system_nrf51.o(.data)
    __tagsym$$used                           0x20001f28   Number         0  system_nrf51.o(.data)
    .data                                    0x20001f2c   Section       31  ble_advertising.o(.data)
    m_advertising_start_pending              0x20001f2c   Data           1  ble_advertising.o(.data)
    m_whitelist_temporarily_disabled         0x20001f2d   Data           1  ble_advertising.o(.data)
    m_whitelist_reply_expected               0x20001f2e   Data           1  ble_advertising.o(.data)
    m_peer_addr_reply_expected               0x20001f2f   Data           1  ble_advertising.o(.data)
    m_adv_evt                                0x20001f30   Data           1  ble_advertising.o(.data)
    m_adv_mode_current                       0x20001f31   Data           1  ble_advertising.o(.data)
    m_tx_power_level                         0x20001f32   Data           1  ble_advertising.o(.data)
    current_slave_link_conn_handle           0x20001f34   Data           2  ble_advertising.o(.data)
    m_evt_handler                            0x20001f38   Data           4  ble_advertising.o(.data)
    m_error_handler                          0x20001f3c   Data           4  ble_advertising.o(.data)
    m_slave_conn_int                         0x20001f40   Data           4  ble_advertising.o(.data)
    m_peer_address                           0x20001f44   Data           7  ble_advertising.o(.data)
    .data                                    0x20001f4c   Section       20  ble_conn_params.o(.data)
    m_change_param                           0x20001f4c   Data           1  ble_conn_params.o(.data)
    m_update_count                           0x20001f4d   Data           1  ble_conn_params.o(.data)
    m_conn_handle                            0x20001f4e   Data           2  ble_conn_params.o(.data)
    m_preferred_conn_params                  0x20001f50   Data           8  ble_conn_params.o(.data)
    m_current_conn_params                    0x20001f58   Data           8  ble_conn_params.o(.data)
    .data                                    0x20001f60   Section       24  device_manager_peripheral.o(.data)
    m_module_initialized                     0x20001f60   Data           1  device_manager_peripheral.o(.data)
    m_peer_addr_update                       0x20001f64   Data           4  device_manager_peripheral.o(.data)
    m_irk_index_table                        0x20001f68   Data           7  device_manager_peripheral.o(.data)
    m_storage_handle                         0x20001f70   Data           8  device_manager_peripheral.o(.data)
    .data                                    0x20001f78   Section       36  pstorage.o(.data)
    m_state                                  0x20001f78   Data           1  pstorage.o(.data)
    m_swap_sub_state                         0x20001f79   Data           1  pstorage.o(.data)
    m_next_app_instance                      0x20001f7a   Data           2  pstorage.o(.data)
    m_flags                                  0x20001f7c   Data           4  pstorage.o(.data)
    m_next_page_addr                         0x20001f80   Data           4  pstorage.o(.data)
    m_head_word_size                         0x20001f84   Data           4  pstorage.o(.data)
    m_tail_word_size                         0x20001f88   Data           4  pstorage.o(.data)
    m_current_page_id                        0x20001f8c   Data           4  pstorage.o(.data)
    m_num_of_command_retries                 0x20001f90   Data           4  pstorage.o(.data)
    m_num_of_bytes_written                   0x20001f94   Data           4  pstorage.o(.data)
    m_app_data_size                          0x20001f98   Data           4  pstorage.o(.data)
    .data                                    0x20001f9c   Section       20  app_button.o(.data)
    m_button_count                           0x20001f9c   Data           1  app_button.o(.data)
    mp_buttons                               0x20001fa0   Data           4  app_button.o(.data)
    m_detection_delay                        0x20001fa4   Data           4  app_button.o(.data)
    m_pin_state                              0x20001fa8   Data           4  app_button.o(.data)
    m_pin_transition                         0x20001fac   Data           4  app_button.o(.data)
    .data                                    0x20001fb0   Section       32  app_timer.o(.data)
    m_user_array_size                        0x20001fb0   Data           1  app_timer.o(.data)
    m_ticks_elapsed_q_read_ind               0x20001fb1   Data           1  app_timer.o(.data)
    m_ticks_elapsed_q_write_ind              0x20001fb2   Data           1  app_timer.o(.data)
    m_rtc1_running                           0x20001fb3   Data           1  app_timer.o(.data)
    m_rtc1_reset                             0x20001fb4   Data           1  app_timer.o(.data)
    mp_users                                 0x20001fb8   Data           4  app_timer.o(.data)
    mp_timer_id_head                         0x20001fbc   Data           4  app_timer.o(.data)
    m_ticks_latest                           0x20001fc0   Data           4  app_timer.o(.data)
    m_evt_schedule_func                      0x20001fc4   Data           4  app_timer.o(.data)
    m_ticks_elapsed                          0x20001fc8   Data           8  app_timer.o(.data)
    .data                                    0x20001fd0   Section       20  softdevice_handler.o(.data)
    m_softdevice_enabled                     0x20001fd0   Data           1  softdevice_handler.o(.data)
    m_ble_evt_buffer_size                    0x20001fd2   Data           2  softdevice_handler.o(.data)
    m_evt_schedule_func                      0x20001fd4   Data           4  softdevice_handler.o(.data)
    mp_ble_evt_buffer                        0x20001fd8   Data           4  softdevice_handler.o(.data)
    m_ble_evt_handler                        0x20001fdc   Data           4  softdevice_handler.o(.data)
    m_sys_evt_handler                        0x20001fe0   Data           4  softdevice_handler.o(.data)
    .bss                                     0x20001fe4   Section      528  main.o(.bss)
    APP_TIMER_BUF                            0x20001fe4   Data         456  main.o(.bss)
    BLE_EVT_BUFFER                           0x200021ac   Data          72  main.o(.bss)
    .bss                                     0x200021f4   Section       32  bsp.o(.bss)
    m_leds_timer_id_data                     0x200021f4   Data          32  bsp.o(.bss)
    .bss                                     0x20002214   Section       32  bsp.o(.bss)
    m_alert_timer_id_data                    0x20002214   Data          32  bsp.o(.bss)
    .bss                                     0x20002234   Section       12  bsp.o(.bss)
    m_events_list                            0x20002234   Data          12  bsp.o(.bss)
    .bss                                     0x20002240   Section       32  bsp.o(.bss)
    m_button_timer_id_data                   0x20002240   Data          32  bsp.o(.bss)
    .bss                                     0x20002260   Section      259  ble_advertising.o(.bss)
    m_advdata                                0x20002260   Data          56  ble_advertising.o(.bss)
    m_adv_modes_config                       0x20002298   Data          36  ble_advertising.o(.bss)
    m_whitelist                              0x200022bc   Data          16  ble_advertising.o(.bss)
    mp_whitelist_addr                        0x200022cc   Data          32  ble_advertising.o(.bss)
    mp_whitelist_irk                         0x200022ec   Data          32  ble_advertising.o(.bss)
    m_manuf_specific_data                    0x2000230c   Data          12  ble_advertising.o(.bss)
    m_manuf_data_array                       0x20002318   Data          31  ble_advertising.o(.bss)
    m_service_data                           0x20002338   Data          12  ble_advertising.o(.bss)
    m_service_data_array                     0x20002344   Data          31  ble_advertising.o(.bss)
    .bss                                     0x20002364   Section       32  ble_conn_params.o(.bss)
    m_conn_params_timer_id_data              0x20002364   Data          32  ble_conn_params.o(.bss)
    .bss                                     0x20002384   Section       28  ble_conn_params.o(.bss)
    m_conn_params_config                     0x20002384   Data          28  ble_conn_params.o(.bss)
    .bss                                     0x200023a0   Section      335  device_manager_peripheral.o(.bss)
    m_app_context_table                      0x200023a0   Data          28  device_manager_peripheral.o(.bss)
    m_peer_table                             0x200023bc   Data         196  device_manager_peripheral.o(.bss)
    m_bond_table                             0x20002480   Data          28  device_manager_peripheral.o(.bss)
    m_gatts_table                            0x2000249c   Data          36  device_manager_peripheral.o(.bss)
    m_connection_table                       0x200024c0   Data          12  device_manager_peripheral.o(.bss)
    m_application_table                      0x200024cc   Data          12  device_manager_peripheral.o(.bss)
    m_local_id_info                          0x200024d8   Data          23  device_manager_peripheral.o(.bss)
    .bss                                     0x200024f0   Section      228  pstorage.o(.bss)
    m_cmd_queue                              0x200024f0   Data         204  pstorage.o(.bss)
    m_app_table                              0x200025bc   Data          24  pstorage.o(.bss)
    .bss                                     0x200025d4   Section       72  nrf_drv_gpiote.o(.bss)
    m_cb                                     0x200025d4   Data          72  nrf_drv_gpiote.o(.bss)
    .bss                                     0x2000261c   Section       28  nrf_drv_uart.o(.bss)
    m_cb                                     0x2000261c   Data          28  nrf_drv_uart.o(.bss)
    .bss                                     0x20002638   Section       32  app_button.o(.bss)
    m_detection_delay_timer_id_data          0x20002638   Data          32  app_button.o(.bss)
    STACK                                    0x20002658   Section     2048  arm_startup_nrf51.o(STACK)

    Global Symbols

    Symbol Name                              Value     Ov Type        Size  Object(Section)

    BuildAttributes$$THM_ISAv3M$S$PE$A:L22$X:L11$S22$IEEE1$IW$USESV6$~STKCKD$USESV7$~SHL$OSPACE$ROPI$EBA8$MICROLIB$REQ8$PRES8$EABIv2 0x00000000   Number         0  anon$$obj.o ABSOLUTE
    __ARM_use_no_argv                        0x00000000   Number         0  main.o ABSOLUTE
    __cpp_initialize__aeabi_                  - Undefined Weak Reference
    __cxa_finalize                            - Undefined Weak Reference
    __decompress                              - Undefined Weak Reference
    _clock_init                               - Undefined Weak Reference
    _microlib_exit                            - Undefined Weak Reference
    __Vectors_Size                           0x000000c0   Number         0  arm_startup_nrf51.o ABSOLUTE
    __Vectors                                0x0001b000   Data           4  arm_startup_nrf51.o(RESET)
    __Vectors_End                            0x0001b0c0   Data           0  arm_startup_nrf51.o(RESET)
    __main                                   0x0001b0c1   Thumb Code     0  entry.o(.ARM.Collect$$$$00000000)
    _main_stk                                0x0001b0c1   Thumb Code     0  entry2.o(.ARM.Collect$$$$00000001)
    _main_scatterload                        0x0001b0c5   Thumb Code     0  entry5.o(.ARM.Collect$$$$00000004)
    __main_after_scatterload                 0x0001b0c9   Thumb Code     0  entry5.o(.ARM.Collect$$$$00000004)
    _main_clock                              0x0001b0c9   Thumb Code     0  entry7b.o(.ARM.Collect$$$$00000008)
    _main_cpp_init                           0x0001b0c9   Thumb Code     0  entry8b.o(.ARM.Collect$$$$0000000A)
    _main_init                               0x0001b0c9   Thumb Code     0  entry9a.o(.ARM.Collect$$$$0000000B)
    __rt_final_cpp                           0x0001b0d1   Thumb Code     0  entry10a.o(.ARM.Collect$$$$0000000D)
    __rt_final_exit                          0x0001b0d1   Thumb Code     0  entry11a.o(.ARM.Collect$$$$0000000F)
    __asm___11_nrf_delay_c_532987f3__nrf_delay_us 0x0001b0d5   Thumb Code    30  nrf_delay.o(.emb_text)
    __asm___11_app_timer_c_cd27f9c3__nrf_delay_us 0x0001b0f5   Thumb Code    30  app_timer.o(.emb_text)
    Reset_Handler                            0x0001b115   Thumb Code    26  arm_startup_nrf51.o(.text)
    NMI_Handler                              0x0001b12f   Thumb Code     2  arm_startup_nrf51.o(.text)
    HardFault_Handler                        0x0001b131   Thumb Code     2  arm_startup_nrf51.o(.text)
    SVC_Handler                              0x0001b133   Thumb Code     2  arm_startup_nrf51.o(.text)
    PendSV_Handler                           0x0001b135   Thumb Code     2  arm_startup_nrf51.o(.text)
    SysTick_Handler                          0x0001b137   Thumb Code     2  arm_startup_nrf51.o(.text)
    ADC_IRQHandler                           0x0001b139   Thumb Code     0  arm_startup_nrf51.o(.text)
    CCM_AAR_IRQHandler                       0x0001b139   Thumb Code     0  arm_startup_nrf51.o(.text)
    ECB_IRQHandler                           0x0001b139   Thumb Code     0  arm_startup_nrf51.o(.text)
    LPCOMP_IRQHandler                        0x0001b139   Thumb Code     0  arm_startup_nrf51.o(.text)
    POWER_CLOCK_IRQHandler                   0x0001b139   Thumb Code     0  arm_startup_nrf51.o(.text)
    QDEC_IRQHandler                          0x0001b139   Thumb Code     0  arm_startup_nrf51.o(.text)
    RADIO_IRQHandler                         0x0001b139   Thumb Code     0  arm_startup_nrf51.o(.text)
    RNG_IRQHandler                           0x0001b139   Thumb Code     0  arm_startup_nrf51.o(.text)
    RTC0_IRQHandler                          0x0001b139   Thumb Code     0  arm_startup_nrf51.o(.text)
    SPI0_TWI0_IRQHandler                     0x0001b139   Thumb Code     0  arm_startup_nrf51.o(.text)
    SPI1_TWI1_IRQHandler                     0x0001b139   Thumb Code     0  arm_startup_nrf51.o(.text)
    SWI1_IRQHandler                          0x0001b139   Thumb Code     0  arm_startup_nrf51.o(.text)
    SWI3_IRQHandler                          0x0001b139   Thumb Code     0  arm_startup_nrf51.o(.text)
    SWI4_IRQHandler                          0x0001b139   Thumb Code     0  arm_startup_nrf51.o(.text)
    SWI5_IRQHandler                          0x0001b139   Thumb Code     0  arm_startup_nrf51.o(.text)
    TEMP_IRQHandler                          0x0001b139   Thumb Code     0  arm_startup_nrf51.o(.text)
    TIMER0_IRQHandler                        0x0001b139   Thumb Code     0  arm_startup_nrf51.o(.text)
    TIMER1_IRQHandler                        0x0001b139   Thumb Code     0  arm_startup_nrf51.o(.text)
    TIMER2_IRQHandler                        0x0001b139   Thumb Code     0  arm_startup_nrf51.o(.text)
    WDT_IRQHandler                           0x0001b139   Thumb Code     0  arm_startup_nrf51.o(.text)
    __aeabi_uidiv                            0x0001b14d   Thumb Code     0  uidiv.o(.text)
    __aeabi_uidivmod                         0x0001b14d   Thumb Code    44  uidiv.o(.text)
    __aeabi_idiv                             0x0001b179   Thumb Code     0  idiv.o(.text)
    __aeabi_idivmod                          0x0001b179   Thumb Code    40  idiv.o(.text)
    __aeabi_memcpy                           0x0001b1a1   Thumb Code    36  memcpya.o(.text)
    __aeabi_memcpy4                          0x0001b1a1   Thumb Code     0  memcpya.o(.text)
    __aeabi_memcpy8                          0x0001b1a1   Thumb Code     0  memcpya.o(.text)
    __aeabi_memset                           0x0001b1c5   Thumb Code    14  memseta.o(.text)
    __aeabi_memset4                          0x0001b1c5   Thumb Code     0  memseta.o(.text)
    __aeabi_memset8                          0x0001b1c5   Thumb Code     0  memseta.o(.text)
    __aeabi_memclr                           0x0001b1d3   Thumb Code     4  memseta.o(.text)
    __aeabi_memclr4                          0x0001b1d3   Thumb Code     0  memseta.o(.text)
    __aeabi_memclr8                          0x0001b1d3   Thumb Code     0  memseta.o(.text)
    _memset$wrapper                          0x0001b1d7   Thumb Code    18  memseta.o(.text)
    memcmp                                   0x0001b1e9   Thumb Code    26  memcmp.o(.text)
    __scatterload                            0x0001b205   Thumb Code    28  init.o(.text)
    __scatterload_rt2                        0x0001b205   Thumb Code     0  init.o(.text)
    GPIOTE_IRQHandler                        0x0001b229   Thumb Code   234  nrf_drv_gpiote.o(i.GPIOTE_IRQHandler)
    RTC1_IRQHandler                          0x0001b375   Thumb Code    28  app_timer.o(i.RTC1_IRQHandler)
    SWI0_IRQHandler                          0x0001b395   Thumb Code     8  app_timer.o(i.SWI0_IRQHandler)
    SWI2_IRQHandler                          0x0001b39d   Thumb Code    28  softdevice_handler.o(i.SWI2_IRQHandler)
    SystemInit                               0x0001b3bd   Thumb Code   130  system_nrf51.o(i.SystemInit)
    UART0_IRQHandler                         0x0001b45d   Thumb Code     8  nrf_drv_uart.o(i.UART0_IRQHandler)
    __ARM_common_switch8                     0x0001b465   Thumb Code    26  bsp.o(i.__ARM_common_switch8)
    __scatterload_copy                       0x0001b47f   Thumb Code    14  handlers.o(i.__scatterload_copy)
    __scatterload_null                       0x0001b48d   Thumb Code     2  handlers.o(i.__scatterload_null)
    __scatterload_zeroinit                   0x0001b48f   Thumb Code    14  handlers.o(i.__scatterload_zeroinit)
    adv_data_encode                          0x0001b49d   Thumb Code   534  ble_advdata.o(i.adv_data_encode)
    app_button_enable                        0x0001b709   Thumb Code    32  app_button.o(i.app_button_enable)
    app_button_init                          0x0001b72d   Thumb Code   100  app_button.o(i.app_button_init)
    app_error_fault_handler                  0x0001b7a1   Thumb Code    18  app_error.o(i.app_error_fault_handler)
    app_error_handler_bare                   0x0001b7bd   Thumb Code    18  app_error.o(i.app_error_handler_bare)
    app_timer_create                         0x0001b82d   Thumb Code    40  app_timer.o(i.app_timer_create)
    app_timer_init                           0x0001b859   Thumb Code   126  app_timer.o(i.app_timer_init)
    app_timer_start                          0x0001b8e9   Thumb Code   114  app_timer.o(i.app_timer_start)
    app_timer_stop                           0x0001b965   Thumb Code    78  app_timer.o(i.app_timer_stop)
    ble_advdata_set                          0x0001b9b9   Thumb Code   104  ble_advdata.o(i.ble_advdata_set)
    ble_advertising_init                     0x0001ba21   Thumb Code   284  ble_advertising.o(i.ble_advertising_init)
    ble_advertising_on_ble_evt               0x0001bb45   Thumb Code   118  ble_advertising.o(i.ble_advertising_on_ble_evt)
    ble_advertising_on_sys_evt               0x0001bbc1   Thumb Code    42  ble_advertising.o(i.ble_advertising_on_sys_evt)
    ble_advertising_restart_without_whitelist 0x0001bc01   Thumb Code    56  ble_advertising.o(i.ble_advertising_restart_without_whitelist)
    ble_advertising_start                    0x0001bc41   Thumb Code   470  ble_advertising.o(i.ble_advertising_start)
    ble_conn_params_init                     0x0001be21   Thumb Code    68  ble_conn_params.o(i.ble_conn_params_init)
    ble_conn_params_on_ble_evt               0x0001be75   Thumb Code   132  ble_conn_params.o(i.ble_conn_params_on_ble_evt)
    bond_data_load                           0x0001c025   Thumb Code    58  device_manager_peripheral.o(i.bond_data_load)
    bsp_btn_ble_init                         0x0001c06d   Thumb Code    80  bsp_btn_ble.o(i.bsp_btn_ble_init)
    bsp_btn_ble_on_ble_evt                   0x0001c0c1   Thumb Code   114  bsp_btn_ble.o(i.bsp_btn_ble_on_ble_evt)
    bsp_btn_ble_sleep_mode_prepare           0x0001c139   Thumb Code    20  bsp_btn_ble.o(i.bsp_btn_ble_sleep_mode_prepare)
    bsp_button_is_pressed                    0x0001c1ed   Thumb Code    34  bsp.o(i.bsp_button_is_pressed)
    bsp_event_handler                        0x0001c219   Thumb Code    50  main.o(i.bsp_event_handler)
    bsp_event_to_button_action_assign        0x0001c251   Thumb Code    66  bsp.o(i.bsp_event_to_button_action_assign)
    bsp_indication_set                       0x0001c299   Thumb Code    22  bsp.o(i.bsp_indication_set)
    bsp_init                                 0x0001c2b5   Thumb Code   132  bsp.o(i.bsp_init)
    bsp_wakeup_buttons_set                   0x0001c541   Thumb Code    50  bsp.o(i.bsp_wakeup_buttons_set)
    dm_ble_evt_handler                       0x0001ccc9   Thumb Code   958  device_manager_peripheral.o(i.dm_ble_evt_handler)
    dm_handle_initialize                     0x0001d09d   Thumb Code    22  device_manager_peripheral.o(i.dm_handle_initialize)
    dm_init                                  0x0001d0b9   Thumb Code   174  device_manager_peripheral.o(i.dm_init)
    dm_register                              0x0001d305   Thumb Code   104  device_manager_peripheral.o(i.dm_register)
    intern_softdevice_events_execute         0x0001d6e5   Thumb Code   116  softdevice_handler.o(i.intern_softdevice_events_execute)
    main                                     0x0001da0d   Thumb Code   318  main.o(i.main)
    nrf_delay_ms                             0x0001dca9   Thumb Code    24  nrf_delay.o(i.nrf_delay_ms)
    nrf_drv_common_irq_enable                0x0001dcc5   Thumb Code    78  nrf_drv_common.o(i.nrf_drv_common_irq_enable)
    nrf_drv_gpiote_in_event_enable           0x0001dd25   Thumb Code   138  nrf_drv_gpiote.o(i.nrf_drv_gpiote_in_event_enable)
    nrf_drv_gpiote_in_init                   0x0001ddc5   Thumb Code   146  nrf_drv_gpiote.o(i.nrf_drv_gpiote_in_init)
    nrf_drv_gpiote_in_is_set                 0x0001de69   Thumb Code    16  nrf_drv_gpiote.o(i.nrf_drv_gpiote_in_is_set)
    nrf_drv_gpiote_init                      0x0001de7d   Thumb Code    76  nrf_drv_gpiote.o(i.nrf_drv_gpiote_init)
    nrf_drv_gpiote_is_init                   0x0001ded1   Thumb Code    12  nrf_drv_gpiote.o(i.nrf_drv_gpiote_is_init)
    pstorage_access_status_get               0x0001e035   Thumb Code    30  pstorage.o(i.pstorage_access_status_get)
    pstorage_block_identifier_get            0x0001e05d   Thumb Code    78  pstorage.o(i.pstorage_block_identifier_get)
    pstorage_clear                           0x0001e0b5   Thumb Code   160  pstorage.o(i.pstorage_clear)
    pstorage_init                            0x0001e18d   Thumb Code    82  pstorage.o(i.pstorage_init)
    pstorage_load                            0x0001e1e9   Thumb Code   162  pstorage.o(i.pstorage_load)
    pstorage_register                        0x0001e295   Thumb Code   180  pstorage.o(i.pstorage_register)
    pstorage_store                           0x0001e351   Thumb Code   138  pstorage.o(i.pstorage_store)
    pstorage_sys_event_handler               0x0001e3e5   Thumb Code    72  pstorage.o(i.pstorage_sys_event_handler)
    pstorage_update                          0x0001e431   Thumb Code   138  pstorage.o(i.pstorage_update)
    sd_check_ram_start                       0x0001e55d   Thumb Code    10  softdevice_handler.o(i.sd_check_ram_start)
    softdevice_ble_evt_handler_set           0x0001e66d   Thumb Code    16  softdevice_handler.o(i.softdevice_ble_evt_handler_set)
    softdevice_enable                        0x0001e681   Thumb Code    14  softdevice_handler.o(i.softdevice_enable)
    softdevice_enable_get_default_config     0x0001e695   Thumb Code    40  softdevice_handler.o(i.softdevice_enable_get_default_config)
    softdevice_fault_handler                 0x0001e6bd   Thumb Code     8  softdevice_handler.o(i.softdevice_fault_handler)
    softdevice_handler_init                  0x0001e6c5   Thumb Code    40  softdevice_handler.o(i.softdevice_handler_init)
    softdevice_sys_evt_handler_set           0x0001e6f5   Thumb Code    16  softdevice_handler.o(i.softdevice_sys_evt_handler_set)
    m_context_init_len                       0x0001ee08   Data           4  device_manager_peripheral.o(.constdata)
    m_service_context_store                  0x0001ee0c   Data          16  device_manager_peripheral.o(.constdata)
    m_service_context_load                   0x0001ee1c   Data          16  device_manager_peripheral.o(.constdata)
    m_service_context_apply                  0x0001ee2c   Data          16  device_manager_peripheral.o(.constdata)
    Region$$Table$$Base                      0x0001ee6c   Number         0  anon$$obj.o(Region$$Table)
    Region$$Table$$Limit                     0x0001ee8c   Number         0  anon$$obj.o(Region$$Table)
    Image$$RW_IRAM1$$Base                    0x20001f00   Number         0  anon$$obj.o ABSOLUTE
    SystemCoreClock                          0x20001f28   Data           4  system_nrf51.o(.data)
    __initial_sp                             0x20002e58   Data           0  arm_startup_nrf51.o(STACK)



==============================================================================

Memory Map of the image

  Image Entry point : 0x0001b0c1

  Load Region LR_IROM1 (Base: 0x0001b000, Size: 0x00003f70, Max: 0x00025000, ABSOLUTE)

    Execution Region ER_IROM1 (Exec base: 0x0001b000, Load base: 0x0001b000, Size: 0x00003e8c, Max: 0x00025000, ABSOLUTE)

    Exec Addr    Load Addr    Size         Type   Attr      Idx    E Section Name        Object

    0x0001b000   0x0001b000   0x000000c0   Data   RO          426    RESET               arm_startup_nrf51.o
    0x0001b0c0   0x0001b0c0   0x00000000   Code   RO         2403  * .ARM.Collect$$$$00000000  mc_p.l(entry.o)
    0x0001b0c0   0x0001b0c0   0x00000004   Code   RO         2450    .ARM.Collect$$$$00000001  mc_p.l(entry2.o)
    0x0001b0c4   0x0001b0c4   0x00000004   Code   RO         2453    .ARM.Collect$$$$00000004  mc_p.l(entry5.o)
    0x0001b0c8   0x0001b0c8   0x00000000   Code   RO         2455    .ARM.Collect$$$$00000008  mc_p.l(entry7b.o)
    0x0001b0c8   0x0001b0c8   0x00000000   Code   RO         2457    .ARM.Collect$$$$0000000A  mc_p.l(entry8b.o)
    0x0001b0c8   0x0001b0c8   0x00000008   Code   RO         2458    .ARM.Collect$$$$0000000B  mc_p.l(entry9a.o)
    0x0001b0d0   0x0001b0d0   0x00000000   Code   RO         2460    .ARM.Collect$$$$0000000D  mc_p.l(entry10a.o)
    0x0001b0d0   0x0001b0d0   0x00000000   Code   RO         2462    .ARM.Collect$$$$0000000F  mc_p.l(entry11a.o)
    0x0001b0d0   0x0001b0d0   0x00000004   Code   RO         2451    .ARM.Collect$$$$00002712  mc_p.l(entry2.o)
    0x0001b0d4   0x0001b0d4   0x0000001e   Code   RO         1372    .emb_text           nrf_delay.o
    0x0001b0f2   0x0001b0f2   0x00000002   PAD
    0x0001b0f4   0x0001b0f4   0x0000001e   Code   RO         2017    .emb_text           app_timer.o
    0x0001b112   0x0001b112   0x00000002   PAD
    0x0001b114   0x0001b114   0x00000038   Code   RO          427    .text               arm_startup_nrf51.o
    0x0001b14c   0x0001b14c   0x0000002c   Code   RO         2406    .text               mc_p.l(uidiv.o)
    0x0001b178   0x0001b178   0x00000028   Code   RO         2408    .text               mc_p.l(idiv.o)
    0x0001b1a0   0x0001b1a0   0x00000024   Code   RO         2410    .text               mc_p.l(memcpya.o)
    0x0001b1c4   0x0001b1c4   0x00000024   Code   RO         2412    .text               mc_p.l(memseta.o)
    0x0001b1e8   0x0001b1e8   0x0000001a   Code   RO         2416    .text               mc_p.l(memcmp.o)
    0x0001b202   0x0001b202   0x00000002   PAD
    0x0001b204   0x0001b204   0x00000024   Code   RO         2477    .text               mc_p.l(init.o)
    0x0001b228   0x0001b228   0x00000108   Code   RO         1396    i.GPIOTE_IRQHandler  nrf_drv_gpiote.o
    0x0001b330   0x0001b330   0x00000044   Code   RO         2018    i.NVIC_SetPriority  app_timer.o
    0x0001b374   0x0001b374   0x00000020   Code   RO         2019    i.RTC1_IRQHandler   app_timer.o
    0x0001b394   0x0001b394   0x00000008   Code   RO         2020    i.SWI0_IRQHandler   app_timer.o
    0x0001b39c   0x0001b39c   0x00000020   Code   RO         2315    i.SWI2_IRQHandler   softdevice_handler.o
    0x0001b3bc   0x0001b3bc   0x000000a0   Code   RO          434    i.SystemInit        system_nrf51.o
    0x0001b45c   0x0001b45c   0x00000008   Code   RO         1586    i.UART0_IRQHandler  nrf_drv_uart.o
    0x0001b464   0x0001b464   0x0000001a   Code   RO          366    i.__ARM_common_switch8  bsp.o
    0x0001b47e   0x0001b47e   0x0000000e   Code   RO         2491    i.__scatterload_copy  mc_p.l(handlers.o)
    0x0001b48c   0x0001b48c   0x00000002   Code   RO         2492    i.__scatterload_null  mc_p.l(handlers.o)
    0x0001b48e   0x0001b48e   0x0000000e   Code   RO         2493    i.__scatterload_zeroinit  mc_p.l(handlers.o)
    0x0001b49c   0x0001b49c   0x00000216   Code   RO          470    i.adv_data_encode   ble_advdata.o
    0x0001b6b2   0x0001b6b2   0x0000003c   Code   RO          387    i.advertising_buttons_configure  bsp_btn_ble.o
    0x0001b6ee   0x0001b6ee   0x00000002   PAD
    0x0001b6f0   0x0001b6f0   0x00000018   Code   RO          272    i.alert_timer_handler  bsp.o
    0x0001b708   0x0001b708   0x00000024   Code   RO         1893    i.app_button_enable  app_button.o
    0x0001b72c   0x0001b72c   0x00000074   Code   RO         1894    i.app_button_init   app_button.o
    0x0001b7a0   0x0001b7a0   0x0000001c   Code   RO         1962    i.app_error_fault_handler  app_error.o
    0x0001b7bc   0x0001b7bc   0x00000018   Code   RO         1964    i.app_error_handler_bare  app_error.o
    0x0001b7d4   0x0001b7d4   0x0000000c   Code   RO          745    i.app_evt_notify    device_manager_peripheral.o
    0x0001b7e0   0x0001b7e0   0x0000002c   Code   RO         1094    i.app_notify        pstorage.o
    0x0001b80c   0x0001b80c   0x00000020   Code   RO         1095    i.app_notify_error_state_transit  pstorage.o
    0x0001b82c   0x0001b82c   0x0000002c   Code   RO         2023    i.app_timer_create  app_timer.o
    0x0001b858   0x0001b858   0x00000090   Code   RO         2024    i.app_timer_init    app_timer.o
    0x0001b8e8   0x0001b8e8   0x0000007c   Code   RO         2025    i.app_timer_start   app_timer.o
    0x0001b964   0x0001b964   0x00000054   Code   RO         2026    i.app_timer_stop    app_timer.o
    0x0001b9b8   0x0001b9b8   0x00000068   Code   RO          471    i.ble_advdata_set   ble_advdata.o
    0x0001ba20   0x0001ba20   0x00000124   Code   RO          551    i.ble_advertising_init  ble_advertising.o
    0x0001bb44   0x0001bb44   0x0000007c   Code   RO          552    i.ble_advertising_on_ble_evt  ble_advertising.o
    0x0001bbc0   0x0001bbc0   0x00000030   Code   RO          553    i.ble_advertising_on_sys_evt  ble_advertising.o
    0x0001bbf0   0x0001bbf0   0x00000010   Code   RO          555    i.ble_advertising_peer_address_clear  ble_advertising.o
    0x0001bc00   0x0001bc00   0x00000040   Code   RO          556    i.ble_advertising_restart_without_whitelist  ble_advertising.o
    0x0001bc40   0x0001bc40   0x000001e0   Code   RO          557    i.ble_advertising_start  ble_advertising.o
    0x0001be20   0x0001be20   0x00000054   Code   RO          632    i.ble_conn_params_init  ble_conn_params.o
    0x0001be74   0x0001be74   0x00000090   Code   RO          633    i.ble_conn_params_on_ble_evt  ble_conn_params.o
    0x0001bf04   0x0001bf04   0x0000005e   Code   RO          472    i.ble_device_addr_encode  ble_advdata.o
    0x0001bf62   0x0001bf62   0x00000002   PAD
    0x0001bf64   0x0001bf64   0x00000048   Code   RO            5    i.ble_evt_dispatch  main.o
    0x0001bfac   0x0001bfac   0x00000078   Code   RO            6    i.ble_stack_init    main.o
    0x0001c024   0x0001c024   0x00000048   Code   RO          746    i.bond_data_load    device_manager_peripheral.o
    0x0001c06c   0x0001c06c   0x00000054   Code   RO          388    i.bsp_btn_ble_init  bsp_btn_ble.o
    0x0001c0c0   0x0001c0c0   0x00000078   Code   RO          389    i.bsp_btn_ble_on_ble_evt  bsp_btn_ble.o
    0x0001c138   0x0001c138   0x00000014   Code   RO          390    i.bsp_btn_ble_sleep_mode_prepare  bsp_btn_ble.o
    0x0001c14c   0x0001c14c   0x000000a0   Code   RO          273    i.bsp_button_event_handler  bsp.o
    0x0001c1ec   0x0001c1ec   0x0000002c   Code   RO          274    i.bsp_button_is_pressed  bsp.o
    0x0001c218   0x0001c218   0x00000038   Code   RO            7    i.bsp_event_handler  main.o
    0x0001c250   0x0001c250   0x00000048   Code   RO          278    i.bsp_event_to_button_action_assign  bsp.o
    0x0001c298   0x0001c298   0x0000001c   Code   RO          279    i.bsp_indication_set  bsp.o
    0x0001c2b4   0x0001c2b4   0x000000a0   Code   RO          281    i.bsp_init          bsp.o
    0x0001c354   0x0001c354   0x000001ec   Code   RO          282    i.bsp_led_indication  bsp.o
    0x0001c540   0x0001c540   0x0000003c   Code   RO          283    i.bsp_wakeup_buttons_set  bsp.o
    0x0001c57c   0x0001c57c   0x0000000c   Code   RO          284    i.button_timer_handler  bsp.o
    0x0001c588   0x0001c588   0x0000001c   Code   RO         1397    i.channel_free      nrf_drv_gpiote.o
    0x0001c5a4   0x0001c5a4   0x00000048   Code   RO         1398    i.channel_port_alloc  nrf_drv_gpiote.o
    0x0001c5ec   0x0001c5ec   0x00000010   Code   RO         1399    i.channel_port_get  nrf_drv_gpiote.o
    0x0001c5fc   0x0001c5fc   0x00000104   Code   RO         1096    i.clear_operation_execute  pstorage.o
    0x0001c700   0x0001c700   0x00000024   Code   RO         1097    i.clear_post_processing_run  pstorage.o
    0x0001c724   0x0001c724   0x00000038   Code   RO         1098    i.cmd_process       pstorage.o
    0x0001c75c   0x0001c75c   0x00000020   Code   RO         1099    i.cmd_queue_element_init  pstorage.o
    0x0001c77c   0x0001c77c   0x0000004c   Code   RO         1100    i.cmd_queue_enqueue  pstorage.o
    0x0001c7c8   0x0001c7c8   0x0000003c   Code   RO         1101    i.command_end_procedure_run  pstorage.o
    0x0001c804   0x0001c804   0x000000a8   Code   RO         2028    i.compare_reg_update  app_timer.o
    0x0001c8ac   0x0001c8ac   0x00000088   Code   RO          473    i.conn_int_encode   ble_advdata.o
    0x0001c934   0x0001c934   0x00000008   Code   RO            8    i.conn_params_error_handler  main.o
    0x0001c93c   0x0001c93c   0x00000068   Code   RO          635    i.conn_params_negotiation  ble_conn_params.o
    0x0001c9a4   0x0001c9a4   0x00000030   Code   RO          747    i.connection_instance_find  device_manager_peripheral.o
    0x0001c9d4   0x0001c9d4   0x00000024   Code   RO          748    i.connection_instance_init  device_manager_peripheral.o
    0x0001c9f8   0x0001c9f8   0x00000054   Code   RO         1102    i.data_page_erase_state_run  pstorage.o
    0x0001ca4c   0x0001ca4c   0x00000028   Code   RO         1103    i.data_to_swap_write_state_run  pstorage.o
    0x0001ca74   0x0001ca74   0x00000060   Code   RO         1896    i.detection_delay_timeout_handler  app_button.o
    0x0001cad4   0x0001cad4   0x000000b4   Code   RO          749    i.device_context_store  device_manager_peripheral.o
    0x0001cb88   0x0001cb88   0x00000054   Code   RO          750    i.device_instance_allocate  device_manager_peripheral.o
    0x0001cbdc   0x0001cbdc   0x00000048   Code   RO          751    i.device_instance_find  device_manager_peripheral.o
    0x0001cc24   0x0001cc24   0x0000002c   Code   RO          752    i.device_instance_free  device_manager_peripheral.o
    0x0001cc50   0x0001cc50   0x0000000e   Code   RO            9    i.device_manager_evt_handler  main.o
    0x0001cc5e   0x0001cc5e   0x00000002   PAD
    0x0001cc60   0x0001cc60   0x00000068   Code   RO           10    i.device_manager_init  main.o
    0x0001ccc8   0x0001ccc8   0x000003d4   Code   RO          757    i.dm_ble_evt_handler  device_manager_peripheral.o
    0x0001d09c   0x0001d09c   0x0000001c   Code   RO          763    i.dm_handle_initialize  device_manager_peripheral.o
    0x0001d0b8   0x0001d0b8   0x000000c4   Code   RO          764    i.dm_init           device_manager_peripheral.o
    0x0001d17c   0x0001d17c   0x00000188   Code   RO          767    i.dm_pstorage_cb_handler  device_manager_peripheral.o
    0x0001d304   0x0001d304   0x00000074   Code   RO          768    i.dm_register       device_manager_peripheral.o
    0x0001d378   0x0001d378   0x00000040   Code   RO         2029    i.elapsed_ticks_acquire  app_timer.o
    0x0001d3b8   0x0001d3b8   0x00000020   Code   RO         1104    i.flash_api_err_code_process  pstorage.o
    0x0001d3d8   0x0001d3d8   0x00000080   Code   RO         1105    i.flash_operation_success_run  pstorage.o
    0x0001d458   0x0001d458   0x0000000a   Code   RO         1106    i.flash_page_erase  pstorage.o
    0x0001d462   0x0001d462   0x0000000a   Code   RO         1107    i.flash_write       pstorage.o
    0x0001d46c   0x0001d46c   0x00000004   Code   RO          775    i.gattc_context_apply  device_manager_peripheral.o
    0x0001d470   0x0001d470   0x00000004   Code   RO          776    i.gattc_context_load  device_manager_peripheral.o
    0x0001d474   0x0001d474   0x00000004   Code   RO          777    i.gattc_context_store  device_manager_peripheral.o
    0x0001d478   0x0001d478   0x000000b0   Code   RO          778    i.gatts_context_apply  device_manager_peripheral.o
    0x0001d528   0x0001d528   0x00000030   Code   RO          779    i.gatts_context_load  device_manager_peripheral.o
    0x0001d558   0x0001d558   0x000000ac   Code   RO          780    i.gatts_context_store  device_manager_peripheral.o
    0x0001d604   0x0001d604   0x00000008   Code   RO          781    i.gattsc_context_apply  device_manager_peripheral.o
    0x0001d60c   0x0001d60c   0x00000008   Code   RO          782    i.gattsc_context_load  device_manager_peripheral.o
    0x0001d614   0x0001d614   0x00000008   Code   RO          783    i.gattsc_context_store  device_manager_peripheral.o
    0x0001d61c   0x0001d61c   0x00000050   Code   RO         1897    i.gpiote_event_handler  app_button.o
    0x0001d66c   0x0001d66c   0x00000078   Code   RO         1108    i.head_restore_state_run  pstorage.o
    0x0001d6e4   0x0001d6e4   0x00000078   Code   RO         2316    i.intern_softdevice_events_execute  softdevice_handler.o
    0x0001d75c   0x0001d75c   0x0000001c   Code   RO          636    i.is_conn_params_ok  ble_conn_params.o
    0x0001d778   0x0001d778   0x00000048   Code   RO          435    i.is_manual_peripheral_setup_needed  system_nrf51.o
    0x0001d7c0   0x0001d7c0   0x00000044   Code   RO         1109    i.is_page_erase_required  pstorage.o
    0x0001d804   0x0001d804   0x0000000c   Code   RO         1110    i.is_word_aligned   pstorage.o
    0x0001d810   0x0001d810   0x00000054   Code   RO          474    i.le_role_encode    ble_advdata.o
    0x0001d864   0x0001d864   0x00000018   Code   RO          285    i.leds_timer_handler  bsp.o
    0x0001d87c   0x0001d87c   0x000000bc   Code   RO         2030    i.list_deletions_handler  app_timer.o
    0x0001d938   0x0001d938   0x000000d4   Code   RO         2031    i.list_insertions_handler  app_timer.o
    0x0001da0c   0x0001da0c   0x00000170   Code   RO           11    i.main              main.o
    0x0001db7c   0x0001db7c   0x00000018   Code   RO         1111    i.main_state_err_busy_process  pstorage.o
    0x0001db94   0x0001db94   0x00000068   Code   RO          475    i.manuf_specific_data_encode  ble_advdata.o
    0x0001dbfc   0x0001dbfc   0x0000009e   Code   RO          476    i.name_encode       ble_advdata.o
    0x0001dc9a   0x0001dc9a   0x00000004   Code   RO          784    i.no_service_context_apply  device_manager_peripheral.o
    0x0001dc9e   0x0001dc9e   0x00000004   Code   RO          785    i.no_service_context_load  device_manager_peripheral.o
    0x0001dca2   0x0001dca2   0x00000004   Code   RO          786    i.no_service_context_store  device_manager_peripheral.o
    0x0001dca6   0x0001dca6   0x00000002   PAD
    0x0001dca8   0x0001dca8   0x0000001c   Code   RO         1373    i.nrf_delay_ms      nrf_delay.o
    0x0001dcc4   0x0001dcc4   0x00000060   Code   RO         1339    i.nrf_drv_common_irq_enable  nrf_drv_common.o
    0x0001dd24   0x0001dd24   0x000000a0   Code   RO         1402    i.nrf_drv_gpiote_in_event_enable  nrf_drv_gpiote.o
    0x0001ddc4   0x0001ddc4   0x000000a4   Code   RO         1403    i.nrf_drv_gpiote_in_init  nrf_drv_gpiote.o
    0x0001de68   0x0001de68   0x00000014   Code   RO         1404    i.nrf_drv_gpiote_in_is_set  nrf_drv_gpiote.o
    0x0001de7c   0x0001de7c   0x00000054   Code   RO         1406    i.nrf_drv_gpiote_init  nrf_drv_gpiote.o
    0x0001ded0   0x0001ded0   0x00000010   Code   RO         1407    i.nrf_drv_gpiote_is_init  nrf_drv_gpiote.o
    0x0001dee0   0x0001dee0   0x00000024   Code   RO         1419    i.nrf_gpio_cfg      nrf_drv_gpiote.o
    0x0001df04   0x0001df04   0x00000020   Code   RO         1421    i.nrf_gpio_cfg_sense_set  nrf_drv_gpiote.o
    0x0001df24   0x0001df24   0x00000018   Code   RO           12    i.nrf_gpio_pin_toggle  main.o
    0x0001df3c   0x0001df3c   0x00000014   Code   RO         1422    i.nrf_gpiote_event_is_set  nrf_drv_gpiote.o
    0x0001df50   0x0001df50   0x0000000a   Code   RO         1602    i.nrf_uart_event_check  nrf_drv_uart.o
    0x0001df5a   0x0001df5a   0x00000010   Code   RO         1603    i.nrf_uart_int_enable_check  nrf_drv_uart.o
    0x0001df6a   0x0001df6a   0x00000020   Code   RO           13    i.on_adv_evt        main.o
    0x0001df8a   0x0001df8a   0x00000002   PAD
    0x0001df8c   0x0001df8c   0x00000020   Code   RO           14    i.on_conn_params_evt  main.o
    0x0001dfac   0x0001dfac   0x00000016   Code   RO          559    i.peer_address_exists  ble_advertising.o
    0x0001dfc2   0x0001dfc2   0x00000002   PAD
    0x0001dfc4   0x0001dfc4   0x00000040   Code   RO          787    i.peer_instance_init  device_manager_peripheral.o
    0x0001e004   0x0001e004   0x00000018   Code   RO         1423    i.pin_in_use_by_port  nrf_drv_gpiote.o
    0x0001e01c   0x0001e01c   0x00000018   Code   RO         1424    i.pin_in_use_by_te  nrf_drv_gpiote.o
    0x0001e034   0x0001e034   0x00000028   Code   RO         1112    i.pstorage_access_status_get  pstorage.o
    0x0001e05c   0x0001e05c   0x00000058   Code   RO         1113    i.pstorage_block_identifier_get  pstorage.o
    0x0001e0b4   0x0001e0b4   0x000000a8   Code   RO         1114    i.pstorage_clear    pstorage.o
    0x0001e15c   0x0001e15c   0x00000024   Code   RO         1115    i.pstorage_flash_page_end  pstorage.o
    0x0001e180   0x0001e180   0x0000000a   Code   RO         1116    i.pstorage_flash_page_size  pstorage.o
    0x0001e18a   0x0001e18a   0x00000002   PAD
    0x0001e18c   0x0001e18c   0x0000005c   Code   RO         1117    i.pstorage_init     pstorage.o
    0x0001e1e8   0x0001e1e8   0x000000ac   Code   RO         1118    i.pstorage_load     pstorage.o
    0x0001e294   0x0001e294   0x000000bc   Code   RO         1119    i.pstorage_register  pstorage.o
    0x0001e350   0x0001e350   0x00000094   Code   RO         1120    i.pstorage_store    pstorage.o
    0x0001e3e4   0x0001e3e4   0x0000004c   Code   RO         1121    i.pstorage_sys_event_handler  pstorage.o
    0x0001e430   0x0001e430   0x00000094   Code   RO         1122    i.pstorage_update   pstorage.o
    0x0001e4c4   0x0001e4c4   0x00000044   Code   RO         2032    i.rtc1_stop         app_timer.o
    0x0001e508   0x0001e508   0x00000038   Code   RO         1604    i.rx_byte           nrf_drv_uart.o
    0x0001e540   0x0001e540   0x0000001c   Code   RO         1605    i.rx_done_event     nrf_drv_uart.o
    0x0001e55c   0x0001e55c   0x00000010   Code   RO         2317    i.sd_check_ram_start  softdevice_handler.o
    0x0001e56c   0x0001e56c   0x0000008e   Code   RO          477    i.service_data_encode  ble_advdata.o
    0x0001e5fa   0x0001e5fa   0x00000028   Code   RO           15    i.sleep_mode_enter  main.o
    0x0001e622   0x0001e622   0x00000002   PAD
    0x0001e624   0x0001e624   0x00000048   Code   RO         1123    i.sm_state_change   pstorage.o
    0x0001e66c   0x0001e66c   0x00000014   Code   RO         2318    i.softdevice_ble_evt_handler_set  softdevice_handler.o
    0x0001e680   0x0001e680   0x00000014   Code   RO         2319    i.softdevice_enable  softdevice_handler.o
    0x0001e694   0x0001e694   0x00000028   Code   RO         2320    i.softdevice_enable_get_default_config  softdevice_handler.o
    0x0001e6bc   0x0001e6bc   0x00000008   Code   RO         2321    i.softdevice_fault_handler  softdevice_handler.o
    0x0001e6c4   0x0001e6c4   0x00000030   Code   RO         2322    i.softdevice_handler_init  softdevice_handler.o
    0x0001e6f4   0x0001e6f4   0x00000014   Code   RO         2325    i.softdevice_sys_evt_handler_set  softdevice_handler.o
    0x0001e708   0x0001e708   0x00000064   Code   RO         1124    i.state_data_erase_swap_entry_run  pstorage.o
    0x0001e76c   0x0001e76c   0x00000010   Code   RO         1125    i.state_erase_data_page_entry_run  pstorage.o
    0x0001e77c   0x0001e77c   0x00000028   Code   RO         1126    i.state_restore_head_entry_run  pstorage.o
    0x0001e7a4   0x0001e7a4   0x0000004c   Code   RO         1127    i.state_restore_tail_entry_run  pstorage.o
    0x0001e7f0   0x0001e7f0   0x00000020   Code   RO         1128    i.state_swap_erase_entry_run  pstorage.o
    0x0001e810   0x0001e810   0x00000030   Code   RO         1129    i.state_write_data_swap_entry_run  pstorage.o
    0x0001e840   0x0001e840   0x00000004   Code   RO          788    i.storage_operation_dummy_handler  device_manager_peripheral.o
    0x0001e844   0x0001e844   0x0000005c   Code   RO         1130    i.store_cmd_flash_write_execute  pstorage.o
    0x0001e8a0   0x0001e8a0   0x0000001c   Code   RO         1131    i.swap_erase_state_run  pstorage.o
    0x0001e8bc   0x0001e8bc   0x00000018   Code   RO         1132    i.swap_sub_state_err_busy_process  pstorage.o
    0x0001e8d4   0x0001e8d4   0x00000014   Code   RO         1133    i.swap_sub_state_state_change  pstorage.o
    0x0001e8e8   0x0001e8e8   0x00000010   Code   RO           16    i.sys_evt_dispatch  main.o
    0x0001e8f8   0x0001e8f8   0x0000001c   Code   RO         1134    i.tail_restore_state_run  pstorage.o
    0x0001e914   0x0001e914   0x00000084   Code   RO         2033    i.timer_list_handler  app_timer.o
    0x0001e998   0x0001e998   0x00000010   Code   RO         2034    i.timer_list_handler_sched  app_timer.o
    0x0001e9a8   0x0001e9a8   0x00000040   Code   RO         2035    i.timer_list_insert  app_timer.o
    0x0001e9e8   0x0001e9e8   0x00000080   Code   RO         2036    i.timer_timeouts_check  app_timer.o
    0x0001ea68   0x0001ea68   0x0000002c   Code   RO         1607    i.tx_byte           nrf_drv_uart.o
    0x0001ea94   0x0001ea94   0x00000020   Code   RO         1608    i.tx_done_event     nrf_drv_uart.o
    0x0001eab4   0x0001eab4   0x00000128   Code   RO         1609    i.uart_irq_handler  nrf_drv_uart.o
    0x0001ebdc   0x0001ebdc   0x0000000a   Code   RO          478    i.uint16_encode     ble_advdata.o
    0x0001ebe6   0x0001ebe6   0x00000002   PAD
    0x0001ebe8   0x0001ebe8   0x00000014   Code   RO          789    i.update_status_bit_reset  device_manager_peripheral.o
    0x0001ebfc   0x0001ebfc   0x00000064   Code   RO          637    i.update_timeout_handler  ble_conn_params.o
    0x0001ec60   0x0001ec60   0x00000054   Code   RO         2037    i.user_id_get       app_timer.o
    0x0001ecb4   0x0001ecb4   0x00000026   Code   RO         2038    i.user_op_alloc     app_timer.o
    0x0001ecda   0x0001ecda   0x00000030   Code   RO          479    i.uuid_list_encode  ble_advdata.o
    0x0001ed0a   0x0001ed0a   0x000000ae   Code   RO          480    i.uuid_list_sized_encode  ble_advdata.o
    0x0001edb8   0x0001edb8   0x00000010   Code   RO          560    i.whitelist_has_entries  ble_advertising.o
    0x0001edc8   0x0001edc8   0x0000003c   Data   RO          290    .constdata          bsp.o
    0x0001ee04   0x0001ee04   0x00000004   Data   RO          640    .constdata          ble_conn_params.o
    0x0001ee08   0x0001ee08   0x00000034   Data   RO          791    .constdata          device_manager_peripheral.o
    0x0001ee3c   0x0001ee3c   0x00000028   Data   RO         1136    .constdata          pstorage.o
    0x0001ee64   0x0001ee64   0x00000008   Data   RO         1899    .constdata          app_button.o
    0x0001ee6c   0x0001ee6c   0x00000020   Data   RO         2489    Region$$Table       anon$$obj.o


    Execution Region RW_IRAM1 (Exec base: 0x20001f00, Load base: 0x0001ee8c, Size: 0x00000f58, Max: 0x00006100, ABSOLUTE)

    Exec Addr    Load Addr    Size         Type   Attr      Idx    E Section Name        Object

    0x20001f00   0x0001ee8c   0x00000008   Data   RW           18    .data               main.o
    0x20001f08   0x0001ee94   0x00000018   Data   RW          291    .data               bsp.o
    0x20001f20   0x0001eeac   0x00000008   Data   RW          391    .data               bsp_btn_ble.o
    0x20001f28   0x0001eeb4   0x00000004   Data   RW          436    .data               system_nrf51.o
    0x20001f2c   0x0001eeb8   0x0000001f   Data   RW          562    .data               ble_advertising.o
    0x20001f4b   0x0001eed7   0x00000001   PAD
    0x20001f4c   0x0001eed8   0x00000014   Data   RW          641    .data               ble_conn_params.o
    0x20001f60   0x0001eeec   0x00000018   Data   RW          792    .data               device_manager_peripheral.o
    0x20001f78   0x0001ef04   0x00000024   Data   RW         1137    .data               pstorage.o
    0x20001f9c   0x0001ef28   0x00000014   Data   RW         1900    .data               app_button.o
    0x20001fb0   0x0001ef3c   0x00000020   Data   RW         2039    .data               app_timer.o
    0x20001fd0   0x0001ef5c   0x00000014   Data   RW         2326    .data               softdevice_handler.o
    0x20001fe4        -       0x00000210   Zero   RW           17    .bss                main.o
    0x200021f4        -       0x00000020   Zero   RW          286    .bss                bsp.o
    0x20002214        -       0x00000020   Zero   RW          287    .bss                bsp.o
    0x20002234        -       0x0000000c   Zero   RW          288    .bss                bsp.o
    0x20002240        -       0x00000020   Zero   RW          289    .bss                bsp.o
    0x20002260        -       0x00000103   Zero   RW          561    .bss                ble_advertising.o
    0x20002363   0x0001ef70   0x00000001   PAD
    0x20002364        -       0x00000020   Zero   RW          638    .bss                ble_conn_params.o
    0x20002384        -       0x0000001c   Zero   RW          639    .bss                ble_conn_params.o
    0x200023a0        -       0x0000014f   Zero   RW          790    .bss                device_manager_peripheral.o
    0x200024ef   0x0001ef70   0x00000001   PAD
    0x200024f0        -       0x000000e4   Zero   RW         1135    .bss                pstorage.o
    0x200025d4        -       0x00000048   Zero   RW         1425    .bss                nrf_drv_gpiote.o
    0x2000261c        -       0x0000001c   Zero   RW         1610    .bss                nrf_drv_uart.o
    0x20002638        -       0x00000020   Zero   RW         1898    .bss                app_button.o
    0x20002658        -       0x00000800   Zero   RW          424    STACK               arm_startup_nrf51.o


==============================================================================

Image component sizes


      Code (inc. data)   RO Data    RW Data    ZI Data      Debug   Object Name

       328         34          8         20         32      11318   app_button.o
        52         16          0          0          0       9159   app_error.o
      1696        152          0         32          0      27975   app_timer.o
        56         18        192          0       2048        668   arm_startup_nrf51.o
      1588          6          0          0          0      18840   ble_advdata.o
      1062         42          0         31        259      13213   ble_advertising.o
       460         58          4         20         60      12916   ble_conn_params.o
      1102        134         60         24        108      13949   bsp.o
       284         10          0          8          0       4641   bsp_btn_ble.o
      2792        210         52         24        335      31269   device_manager_peripheral.o
       886        100          0          8        528      99511   main.o
        58          4          0          0          0       1763   nrf_delay.o
        96         18          0          0          0       8608   nrf_drv_common.o
       960        128          0          0         72      21436   nrf_drv_gpiote.o
       490         58          0          0         28      13927   nrf_drv_uart.o
      2866        264         40         36        228      34942   pstorage.o
       324         36          0         20          0       8700   softdevice_handler.o
       232         36          0          4          0       2163   system_nrf51.o

    ----------------------------------------------------------------------
     15354       1324        388        228       3700     334998   Object Totals
         0          0         32          0          0          0   (incl. Generated)
        22          0          0          1          2          0   (incl. Padding)

    ----------------------------------------------------------------------

      Code (inc. data)   RO Data    RW Data    ZI Data      Debug   Library Member Name

         0          0          0          0          0          0   entry.o
         0          0          0          0          0          0   entry10a.o
         0          0          0          0          0          0   entry11a.o
         8          4          0          0          0          0   entry2.o
         4          0          0          0          0          0   entry5.o
         0          0          0          0          0          0   entry7b.o
         0          0          0          0          0          0   entry8b.o
         8          4          0          0          0          0   entry9a.o
        30          0          0          0          0          0   handlers.o
        40          0          0          0          0         72   idiv.o
        36          8          0          0          0         68   init.o
        26          0          0          0          0         72   memcmp.o
        36          0          0          0          0         60   memcpya.o
        36          0          0          0          0        100   memseta.o
        44          0          0          0          0         72   uidiv.o

    ----------------------------------------------------------------------
       270         16          0          0          0        444   Library Totals
         2          0          0          0          0          0   (incl. Padding)

    ----------------------------------------------------------------------

      Code (inc. data)   RO Data    RW Data    ZI Data      Debug   Library Name

       268         16          0          0          0        444   mc_p.l

    ----------------------------------------------------------------------
       270         16          0          0          0        444   Library Totals

    ----------------------------------------------------------------------

==============================================================================


      Code (inc. data)   RO Data    RW Data    ZI Data      Debug   

     15624       1340        388        228       3700     327614   Grand Totals
     15624       1340        388        228       3700     327614   ELF Image Totals
     15624       1340        388        228          0          0   ROM Totals

==============================================================================

    Total RO  Size (Code + RO Data)                16012 (  15.64kB)
    Total RW  Size (RW Data + ZI Data)              3928 (   3.84kB)
    Total ROM Size (Code + RO Data + RW Data)      16240 (  15.86kB)

==============================================================================

