<html>
<body>
<pre>
<h1>µVision Build Log</h1>
<h2>Tool Versions:</h2>
IDE-Version: µVision V5.24.2.0
Copyright (C) 2017 ARM Ltd and ARM Germany GmbH. All rights reserved.
License Information: Johnny Bravo, pwr, LIC=----
 
Tool Versions:
Toolchain:       MDK-Lite  Version: 5.24.1
Toolchain Path:  E:\Programs\Keil MDK\ARM\ARMCC\Bin
C Compiler:      Armcc.exe V5.06 update 5 (build 528)
Assembler:       Armasm.exe V5.06 update 5 (build 528)
Linker/Locator:  ArmLink.exe V5.06 update 5 (build 528)
Library Manager: ArmAr.exe V5.06 update 5 (build 528)
Hex Converter:   FromElf.exe V5.06 update 5 (build 528)
CPU DLL:         
Dialog DLL:      
Target DLL:      STLink\ST-LINKIII-KEIL_SWO.dll V3.0.1.0
Dialog DLL:      TARMCM1.DLL V1.13.0.0
 
<h2>Project:</h2>
E:\Projekty\DHT11_over_BLE\ble_peripheral\ble_app_template\pca10028\s130\arm5\ble_app_template_s130_pca10028.uvprojx
Project File Date:  12/05/2018

<h2>Output:</h2>
*** Using Compiler 'V5.06 update 5 (build 528)', folder: 'E:\Programs\Keil MDK\ARM\ARMCC\Bin'
Rebuild target 'nrf51422_xxac_s130'
compiling bsp_btn_ble.c...
compiling bsp.c...
compiling main.c...
..\..\..\main.c(226): warning:  #177-D: function "dht11_init"  was declared but never referenced
  static void dht11_init(void)
..\..\..\main.c: 1 warning, 0 errors
assembling arm_startup_nrf51.s...
compiling system_nrf51.c...
compiling ble_advertising.c...
compiling ble_advdata.c...
compiling ble_conn_params.c...
compiling ble_srv_common.c...
compiling device_manager_peripheral.c...
compiling app_uart.c...
compiling pstorage.c...
compiling nrf_drv_common.c...
compiling nrf_delay.c...
compiling SEGGER_RTT.c...
compiling SEGGER_RTT_printf.c...
compiling nrf_drv_gpiote.c...
compiling nrf_drv_uart.c...
compiling app_button.c...
compiling app_error.c...
compiling app_trace.c...
compiling app_timer.c...
compiling nrf_assert.c...
compiling RTT_Syscalls_KEIL.c...
compiling nrf_log.c...
compiling retarget.c...
compiling softdevice_handler.c...
linking...
Program Size: Code=15624 RO-data=388 RW-data=228 ZI-data=3700  
FromELF: creating hex file...
".\_build\nrf51422_xxac_s130.axf" - 0 Error(s), 1 Warning(s).

<h2>Software Packages used:</h2>

Package Vendor: ARM
                http://www.keil.com/pack/ARM.CMSIS.4.5.0.pack
                ARM.CMSIS.4.5.0
                CMSIS (Cortex Microcontroller Software Interface Standard)
   * Component: CORE Version: 4.3.0

Package Vendor: NordicSemiconductor
                http://developer.nordicsemi.com/nRF51_SDK/pieces/nRF_BLE/NordicSemiconductor.nRF_BLE.4.0.0-2.alpha.pack
                NordicSemiconductor.nRF_BLE.4.0.0-2.alpha
                Bluetooth Low Energy (Bluetooth Smart) services and software modules for Nordic Semiconductor nRF family.
   * Component: device_manager Variant: Peripheral Version: 4.0.0-2.alpha
   * Component: ble_service_common Version: 4.0.0-2.alpha
   * Component: ble_conn_params Version: 4.0.0-2.alpha
   * Component: ble_common Version: 4.0.0-2.alpha
   * Component: ble_advertising Version: 4.0.0-2.alpha
   * Component: ble_advdata Version: 4.0.0-2.alpha

Package Vendor: NordicSemiconductor
                http://developer.nordicsemi.com/nRF51_SDK/pieces/nRF_DeviceFamilyPack/NordicSemiconductor.nRF_DeviceFamilyPack.8.3.1.pack
                NordicSemiconductor.nRF_DeviceFamilyPack.8.3.1
                Nordic Semiconductor nRF ARM devices Device Family Pack.
   * Component: Startup Version: 8.3.1

Package Vendor: NordicSemiconductor
                http://developer.nordicsemi.com/nRF51_SDK/pieces/nRF_Drivers/NordicSemiconductor.nRF_Drivers.4.0.0-2.alpha.pack
                NordicSemiconductor.nRF_Drivers.4.0.0-2.alpha
                Drivers for Nordic Semiconductor nRF family.
   * Component: pstorage Variant: default Version: 4.0.0-2.alpha
   * Component: nrf_uarte Version: 4.0.0-2.alpha
   * Component: nrf_uart Version: 4.0.0-2.alpha
   * Component: nrf_gpiote Version: 4.0.0-2.alpha
   * Component: nrf_gpio Version: 4.0.0-2.alpha
   * Component: nrf_error Variant: default Version: 4.0.0-2.alpha
   * Component: nrf_drv_uart Version: 4.0.0-2.alpha
   * Component: nrf_drv_gpiote Version: 4.0.0-2.alpha
   * Component: nrf_drv_common Version: 4.0.0-2.alpha
   * Component: nrf_delay Version: 4.0.0-2.alpha

Package Vendor: NordicSemiconductor
                http://developer.nordicsemi.com/nRF51_SDK/pieces/nRF_Drivers_External/NordicSemiconductor.nRF_Drivers_External.1.2.1-2.alpha.pack
                NordicSemiconductor.nRF_Drivers_External.1.2.1-2.alpha
                Drivers for external hardware used by Nordic Semiconductor nRF family examples.
   * Component: segger_rtt Version: 1.2.1-2.alpha

Package Vendor: NordicSemiconductor
                http://developer.nordicsemi.com/nRF51_SDK/pieces/nRF_Examples/NordicSemiconductor.nRF_Examples.11.0.0-2.alpha.pack
                NordicSemiconductor.nRF_Examples.11.0.0-2.alpha
                Examples and BSP for Nordic Semiconductor nRF family.
   * Component: bsp_btn_ble Version: 11.0.0-2.alpha
   * Component: bsp Variant: default Version: 11.0.0-2.alpha

Package Vendor: NordicSemiconductor
                http://developer.nordicsemi.com/nRF51_SDK/pieces/nRF_Libraries/NordicSemiconductor.nRF_Libraries.4.0.0-2.alpha.pack
                NordicSemiconductor.nRF_Libraries.4.0.0-2.alpha
                Software modules for Nordic Semiconductor nRF family.
   * Component: retarget Version: 4.0.0-2.alpha
   * Component: nrf_log Variant: default Version: 4.0.0-2.alpha
   * Component: nrf_assert Version: 4.0.0-2.alpha
   * Component: nordic_common Version: 4.0.0-2.alpha
   * Component: app_util Variant: default Version: 4.0.0-2.alpha
   * Component: app_trace Variant: default Version: 4.0.0-2.alpha
   * Component: app_timer Variant: default Version: 4.0.0-2.alpha
   * Component: app_error Version: 4.0.0-2.alpha
   * Component: app_button Version: 4.0.0-2.alpha
   * Component: app_uart Variant: default Version: 4.0.0-2.alpha

Package Vendor: NordicSemiconductor
                http://developer.nordicsemi.com/nRF51_SDK/pieces/nRF_SoftDevice_Common/NordicSemiconductor.nRF_SoftDevice_Common.2.0.0-2.alpha.pack
                NordicSemiconductor.nRF_SoftDevice_Common.2.0.0-2.alpha
                Common components for Nordic Semiconductor nRF family SoftDevices.
   * Component: softdevice_present Version: 2.0.0-2.alpha
   * Component: sd_common Variant: default Version: 2.0.0-2.alpha

Package Vendor: NordicSemiconductor
                http://developer.nordicsemi.com/nRF51_SDK/pieces/nRF_SoftDevice_S130/NordicSemiconductor.nRF_SoftDevice_S130.2.0.0-7.alpha.pack
                NordicSemiconductor.nRF_SoftDevice_S130.2.0.0-7.alpha
                Components for Bluetooth Low Energy (Bluetooth Smart) S130 SoftDevice for Nordic Semiconductor nRF family.
   * Component: s130_hex Version: 2.0.0-7.alpha
   * Component: s130 Variant: default Version: 2.0.0-7.alpha

<h2>Collection of Component include folders:</h2>
  .\RTE\_nrf51422_xxac_s130
  .\RTE\nRF_BLE\nRF51422_xxAC
  .\RTE\nRF_Drivers\nRF51422_xxAC
  .\RTE\nRF_Libraries\nRF51422_xxAC
  E:\Programs\Keil MDK\ARM\PACK\ARM\CMSIS\4.5.0\CMSIS\Include
  E:\Programs\Keil MDK\ARM\PACK\NordicSemiconductor\nRF_BLE\4.0.0-2.alpha\ble_advertising
  E:\Programs\Keil MDK\ARM\PACK\NordicSemiconductor\nRF_BLE\4.0.0-2.alpha\common
  E:\Programs\Keil MDK\ARM\PACK\NordicSemiconductor\nRF_BLE\4.0.0-2.alpha\device_manager
  E:\Programs\Keil MDK\ARM\PACK\NordicSemiconductor\nRF_DeviceFamilyPack\8.3.1\Device\Include
  E:\Programs\Keil MDK\ARM\PACK\NordicSemiconductor\nRF_Drivers\4.0.0-2.alpha\common
  E:\Programs\Keil MDK\ARM\PACK\NordicSemiconductor\nRF_Drivers\4.0.0-2.alpha\config
  E:\Programs\Keil MDK\ARM\PACK\NordicSemiconductor\nRF_Drivers\4.0.0-2.alpha\delay
  E:\Programs\Keil MDK\ARM\PACK\NordicSemiconductor\nRF_Drivers\4.0.0-2.alpha\gpiote
  E:\Programs\Keil MDK\ARM\PACK\NordicSemiconductor\nRF_Drivers\4.0.0-2.alpha\hal
  E:\Programs\Keil MDK\ARM\PACK\NordicSemiconductor\nRF_Drivers\4.0.0-2.alpha\pstorage
  E:\Programs\Keil MDK\ARM\PACK\NordicSemiconductor\nRF_Drivers\4.0.0-2.alpha\uart
  E:\Programs\Keil MDK\ARM\PACK\NordicSemiconductor\nRF_Drivers_External\1.2.1-2.alpha\segger_rtt
  E:\Programs\Keil MDK\ARM\PACK\NordicSemiconductor\nRF_Examples\11.0.0-2.alpha\bsp
  E:\Programs\Keil MDK\ARM\PACK\NordicSemiconductor\nRF_Libraries\4.0.0-2.alpha\button
  E:\Programs\Keil MDK\ARM\PACK\NordicSemiconductor\nRF_Libraries\4.0.0-2.alpha\timer
  E:\Programs\Keil MDK\ARM\PACK\NordicSemiconductor\nRF_Libraries\4.0.0-2.alpha\trace
  E:\Programs\Keil MDK\ARM\PACK\NordicSemiconductor\nRF_Libraries\4.0.0-2.alpha\uart
  E:\Programs\Keil MDK\ARM\PACK\NordicSemiconductor\nRF_Libraries\4.0.0-2.alpha\util
  E:\Programs\Keil MDK\ARM\PACK\NordicSemiconductor\nRF_SoftDevice_Common\2.0.0-2.alpha\softdevice_handler
  E:\Programs\Keil MDK\ARM\PACK\NordicSemiconductor\nRF_SoftDevice_S130\2.0.0-7.alpha\headers
  E:\Programs\Keil MDK\ARM\PACK\NordicSemiconductor\nRF_SoftDevice_S130\2.0.0-7.alpha\headers\nrf51

<h2>Collection of Component Files used:</h2>

   * Component: NordicSemiconductor::nRF_SoftDevice:s130_hex:2.0.0-7.alpha

   * Component: NordicSemiconductor::nRF_SoftDevice:s130:default:2.0.0-7.alpha
      Include file:  headers\ble_hci.h
      Include file:  headers\ble_types.h
      Include file:  headers\nrf_svc.h
      Include file:  headers\nrf_soc.h
      Include file:  headers\ble_gap.h
      Include file:  headers\ble_l2cap.h
      Include file:  headers\nrf_error_soc.h
      Include file:  headers\ble_gattc.h
      Include file:  headers\ble.h
      Include file:  headers\ble_err.h
      Include file:  headers\ble_gatt.h
      Include file:  headers\nrf_error.h
      Include file:  headers\nrf_sd_def.h
      Include file:  headers\nrf_error_sdm.h
      Include file:  headers\ble_gatts.h
      Include file:  headers\softdevice_assert.h
      Include file:  headers\nrf51\nrf_mbr.h
      Include file:  headers\ble_ranges.h
      Include file:  headers\nrf_sdm.h

   * Component: NordicSemiconductor::nRF_SoftDevice:Internal:softdevice_present:2.0.0-2.alpha

   * Component: NordicSemiconductor::nRF_SoftDevice:Internal:sd_common:default:2.0.0-2.alpha
      Source file:   softdevice_handler\softdevice_handler.c

   * Component: NordicSemiconductor::nRF_Libraries:segger_rtt:1.2.1-2.alpha
      Include file:  segger_rtt\SEGGER_RTT_Conf.h
      Source file:   segger_rtt\RTT_Syscalls_KEIL.c
      Source file:   segger_rtt\SEGGER_RTT_printf.c
      Include file:  segger_rtt\SEGGER_RTT.h
      Source file:   segger_rtt\SEGGER_RTT.c

   * Component: NordicSemiconductor::nRF_Libraries:retarget:4.0.0-2.alpha
      Source file:   uart\retarget.c

   * Component: NordicSemiconductor::nRF_Libraries:nrf_log:default:4.0.0-2.alpha
      Include file:  util\nrf_log.h
      Source file:   util\nrf_log.c

   * Component: NordicSemiconductor::nRF_Libraries:nrf_assert:4.0.0-2.alpha
      Source file:   util\nrf_assert.c
      Include file:  util\nrf_assert.h

   * Component: NordicSemiconductor::nRF_Libraries:nordic_common:4.0.0-2.alpha

   * Component: NordicSemiconductor::nRF_Libraries:app_util:default:4.0.0-2.alpha

   * Component: NordicSemiconductor::nRF_Libraries:app_trace:default:4.0.0-2.alpha
      Include file:  trace\app_trace.h
      Source file:   trace\app_trace.c

   * Component: NordicSemiconductor::nRF_Libraries:app_timer:default:4.0.0-2.alpha
      Source file:   timer\app_timer.c
      Include file:  timer\app_timer.h

   * Component: NordicSemiconductor::nRF_Libraries:app_error:4.0.0-2.alpha
      Source file:   util\app_error.c
      Include file:  util\app_error.h

   * Component: NordicSemiconductor::nRF_Libraries:app_button:4.0.0-2.alpha
      Include file:  button\app_button.h
      Source file:   button\app_button.c

   * Component: NordicSemiconductor::nRF_Drivers:pstorage:default:4.0.0-2.alpha
      Include file:  pstorage\config\pstorage_platform.h
      Include file:  pstorage\pstorage.h
      Source file:   pstorage\pstorage.c

   * Component: NordicSemiconductor::nRF_Drivers:nrf_uarte:4.0.0-2.alpha
      Include file:  hal\nrf_uarte.h

   * Component: NordicSemiconductor::nRF_Drivers:nrf_uart:4.0.0-2.alpha
      Include file:  hal\nrf_uart.h

   * Component: NordicSemiconductor::nRF_Drivers:nrf_gpiote:4.0.0-2.alpha
      Include file:  hal\nrf_gpiote.h

   * Component: NordicSemiconductor::nRF_Drivers:nrf_gpio:4.0.0-2.alpha
      Include file:  hal\nrf_gpio.h

   * Component: NordicSemiconductor::nRF_Drivers:nrf_error:default:4.0.0-2.alpha

   * Component: NordicSemiconductor::nRF_Drivers:nrf_drv_uart:4.0.0-2.alpha
      Source file:   uart\nrf_drv_uart.c
      Include file:  uart\nrf_drv_uart.h
      Include file:  config\nrf_drv_config.h

   * Component: NordicSemiconductor::nRF_Drivers:nrf_drv_gpiote:4.0.0-2.alpha
      Include file:  config\nrf_drv_config.h
      Source file:   gpiote\nrf_drv_gpiote.c
      Include file:  gpiote\nrf_drv_gpiote.h

   * Component: NordicSemiconductor::nRF_Drivers:nrf_drv_common:4.0.0-2.alpha
      Include file:  common\nrf_drv_common.h
      Source file:   common\nrf_drv_common.c
      Include file:  config\nrf_drv_config.h

   * Component: NordicSemiconductor::nRF_Drivers:nrf_delay:4.0.0-2.alpha
      Include file:  delay\nrf_delay.h
      Source file:   delay\nrf_delay.c

   * Component: NordicSemiconductor::nRF_Drivers:app_uart:default:4.0.0-2.alpha
      Include file:  uart\app_uart.h
      Source file:   uart\app_uart.c

   * Component: NordicSemiconductor::nRF_BLE:BLE_Modules:device_manager:Peripheral:4.0.0-2.alpha
      Include file:  device_manager\config\device_manager_cnfg.h
      Source file:   device_manager\device_manager_peripheral.c
      Include file:  device_manager\device_manager.h

   * Component: NordicSemiconductor::nRF_BLE:BLE_Modules:ble_service_common:4.0.0-2.alpha
      Include file:  common\ble_srv_common.h
      Source file:   common\ble_srv_common.c

   * Component: NordicSemiconductor::nRF_BLE:BLE_Modules:ble_conn_params:4.0.0-2.alpha
      Source file:   common\ble_conn_params.c
      Include file:  common\ble_conn_params.h

   * Component: NordicSemiconductor::nRF_BLE:BLE_Modules:ble_common:4.0.0-2.alpha

   * Component: NordicSemiconductor::nRF_BLE:BLE_Modules:ble_advertising:4.0.0-2.alpha
      Source file:   ble_advertising\ble_advertising.c
      Include file:  ble_advertising\ble_advertising.h

   * Component: NordicSemiconductor::nRF_BLE:BLE_Modules:ble_advdata:4.0.0-2.alpha
      Source file:   common\ble_advdata.c
      Include file:  common\ble_advdata.h

   * Component: NordicSemiconductor::Device:Startup:8.3.1
      Source file:   Device\Source\arm\arm_startup_nrf51.s
      Include file:  Device\Include\system_nrf51.h
      Source file:   Device\Source\system_nrf51.c

   * Component: NordicSemiconductor::Board Support:bsp_btn_ble:11.0.0-2.alpha
      Source file:   bsp\bsp_btn_ble.c

   * Component: NordicSemiconductor::Board Support:bsp:default:11.0.0-2.alpha
      Source file:   bsp\bsp.c

   * Component: ARM::CMSIS:CORE:4.3.0
Build Time Elapsed:  00:00:05
</pre>
</body>
</html>
